[2026-06-17 03:23:38] Processing 103-86-135-178.mispl.pk
  - Error on attempt 1: [Errno 8] nodename nor servname provided, or not known

[2026-06-17 03:23:38] PERMANENTLY FAILED: 103-86-135-178.mispl.pk
  - Attempts: 1/2
  - Final Error: [Errno 8] nodename nor servname provided, or not known

[2026-06-17 03:23:38] Processing 3realtors.pk
  - Error on attempt 1: [Errno 8] nodename nor servname provided, or not known

[2026-06-17 03:23:38] PERMANENTLY FAILED: 3realtors.pk
  - Attempts: 1/2
  - Final Error: [Errno 8] nodename nor servname provided, or not known

[2026-06-17 03:23:38] Processing 42dc.pk
  - Error on attempt 1: [Errno 8] nodename nor servname provided, or not known

[2026-06-17 03:23:38] PERMANENTLY FAILED: 42dc.pk
  - Attempts: 1/2
  - Final Error: [Errno 8] nodename nor servname provided, or not known

[2026-06-17 03:23:38] Processing 1-win.pk
  - Error on attempt 1: [Errno 8] nodename nor servname provided, or not known

[2026-06-17 03:23:38] PERMANENTLY FAILED: 1-win.pk
  - Attempts: 1/2
  - Final Error: [Errno 8] nodename nor servname provided, or not known

[2026-06-17 03:23:38] Processing 1win.pk
  - Error on attempt 1: [Errno 8] nodename nor servname provided, or not known

[2026-06-17 03:23:38] PERMANENTLY FAILED: 1win.pk
  - Attempts: 1/2
  - Final Error: [Errno 8] nodename nor servname provided, or not known

[2026-06-17 03:23:38] Processing 1xbet.pk
  - Error on attempt 1: [Errno 8] nodename nor servname provided, or not known

[2026-06-17 03:23:38] PERMANENTLY FAILED: 1xbet.pk
  - Attempts: 1/2
  - Final Error: [Errno 8] nodename nor servname provided, or not known

[2026-06-17 03:23:38] Processing 100keys.com.pk
  - Error on attempt 1: [Errno 8] nodename nor servname provided, or not known

[2026-06-17 03:23:38] PERMANENTLY FAILED: 100keys.com.pk
  - Attempts: 1/2
  - Final Error: [Errno 8] nodename nor servname provided, or not known

[2026-06-17 03:23:38] Processing 116.58.33-90.nexlinx.net.pk
  - Error on attempt 1: [Errno 8] nodename nor servname provided, or not known

[2026-06-17 03:23:38] PERMANENTLY FAILED: 116.58.33-90.nexlinx.net.pk
  - Attempts: 1/2
  - Final Error: [Errno 8] nodename nor servname provided, or not known

[2026-06-17 03:23:38] Processing 1seven.pk
  - Error on attempt 1: [Errno 8] nodename nor servname provided, or not known

[2026-06-17 03:23:38] PERMANENTLY FAILED: 1seven.pk
  - Attempts: 1/2
  - Final Error: [Errno 8] nodename nor servname provided, or not known

[2026-06-17 03:23:38] Processing 1win-pakistan.pk
  - Error on attempt 1: [Errno 8] nodename nor servname provided, or not known

[2026-06-17 03:23:38] PERMANENTLY FAILED: 1win-pakistan.pk
  - Attempts: 1/2
  - Final Error: [Errno 8] nodename nor servname provided, or not known

[2026-06-17 03:23:38] Processing 1toanother.org.pk
  - Error on attempt 1: [Errno 8] nodename nor servname provided, or not known

[2026-06-17 03:23:38] PERMANENTLY FAILED: 1toanother.org.pk
  - Attempts: 1/2
  - Final Error: [Errno 8] nodename nor servname provided, or not known

[2026-06-17 03:23:38] Processing 19pharma.com.pk
  - Error on attempt 1: [Errno 8] nodename nor servname provided, or not known

[2026-06-17 03:23:38] PERMANENTLY FAILED: 19pharma.com.pk
  - Attempts: 1/2
  - Final Error: [Errno 8] nodename nor servname provided, or not known

[2026-06-17 03:23:38] Processing 1win1.pk
  - Error on attempt 1: [Errno 8] nodename nor servname provided, or not known

[2026-06-17 03:23:38] PERMANENTLY FAILED: 1win1.pk
  - Attempts: 1/2
  - Final Error: [Errno 8] nodename nor servname provided, or not known

[2026-06-17 03:23:39] Processing 2014.aeo.com.pk
  - Error on attempt 1: [SSL: TLSV1_ALERT_INTERNAL_ERROR] tlsv1 alert internal error (_ssl.c:1006)

[2026-06-17 03:23:39] PERMANENTLY FAILED: 2014.aeo.com.pk
  - Attempts: 1/2
  - Final Error: [SSL: TLSV1_ALERT_INTERNAL_ERROR] tlsv1 alert internal error (_ssl.c:1006)

[2026-06-17 03:23:39] Processing 6824399.ckl.com.pk
  - Error on attempt 1: [Errno 8] nodename nor servname provided, or not known

[2026-06-17 03:23:39] PERMANENTLY FAILED: 6824399.ckl.com.pk
  - Attempts: 1/2
  - Final Error: [Errno 8] nodename nor servname provided, or not known

[2026-06-17 03:23:39] Processing 3am.com.pk
  - Error on attempt 1: [Errno 8] nodename nor servname provided, or not known

[2026-06-17 03:23:39] PERMANENTLY FAILED: 3am.com.pk
  - Attempts: 1/2
  - Final Error: [Errno 8] nodename nor servname provided, or not known

[2026-06-17 03:23:39] Processing 6202157.verve.pk
  - Error on attempt 1: [Errno 8] nodename nor servname provided, or not known

[2026-06-17 03:23:39] PERMANENTLY FAILED: 6202157.verve.pk
  - Attempts: 1/2
  - Final Error: [Errno 8] nodename nor servname provided, or not known

[2026-06-17 03:23:39] Processing 6939648.denning.com.pk
  - Error on attempt 1: [Errno 8] nodename nor servname provided, or not known

[2026-06-17 03:23:39] PERMANENTLY FAILED: 6939648.denning.com.pk
  - Attempts: 1/2
  - Final Error: [Errno 8] nodename nor servname provided, or not known

[2026-06-17 03:23:39] Processing 66k.monitoring.tevta.gop.pk
  - Error on attempt 1: [Errno 8] nodename nor servname provided, or not known

[2026-06-17 03:23:39] PERMANENTLY FAILED: 66k.monitoring.tevta.gop.pk
  - Attempts: 1/2
  - Final Error: [Errno 8] nodename nor servname provided, or not known

[2026-06-17 03:23:39] Processing 8171.com.pk
  - Error on attempt 1: [Errno 8] nodename nor servname provided, or not known

[2026-06-17 03:23:39] PERMANENTLY FAILED: 8171.com.pk
  - Attempts: 1/2
  - Final Error: [Errno 8] nodename nor servname provided, or not known

[2026-06-17 03:23:39] Processing 8171alert.com.pk
  - Error on attempt 1: [Errno 8] nodename nor servname provided, or not known

[2026-06-17 03:23:39] PERMANENTLY FAILED: 8171alert.com.pk
  - Attempts: 1/2
  - Final Error: [Errno 8] nodename nor servname provided, or not known

[2026-06-17 03:23:40] Processing 800degree.com.pk
  - Error on attempt 1: [Errno 8] nodename nor servname provided, or not known

[2026-06-17 03:23:40] PERMANENTLY FAILED: 800degree.com.pk
  - Attempts: 1/2
  - Final Error: [Errno 8] nodename nor servname provided, or not known

[2026-06-17 03:23:40] Processing 8171alerts.org.pk
  - Error on attempt 1: [Errno 8] nodename nor servname provided, or not known

[2026-06-17 03:23:40] PERMANENTLY FAILED: 8171alerts.org.pk
  - Attempts: 1/2
  - Final Error: [Errno 8] nodename nor servname provided, or not known

[2026-06-17 03:23:40] Processing 818realtors.pk
  - Error on attempt 1: [Errno 8] nodename nor servname provided, or not known

[2026-06-17 03:23:40] PERMANENTLY FAILED: 818realtors.pk
  - Attempts: 1/2
  - Final Error: [Errno 8] nodename nor servname provided, or not known

[2026-06-17 03:23:40] Processing 8171payment.pk
  - Error on attempt 1: [Errno 8] nodename nor servname provided, or not known

[2026-06-17 03:23:40] PERMANENTLY FAILED: 8171payment.pk
  - Attempts: 1/2
  - Final Error: [Errno 8] nodename nor servname provided, or not known

[2026-06-17 03:23:40] Processing 8171ehsaasprogrambisp.pk
  - Error on attempt 1: [Errno 8] nodename nor servname provided, or not known

[2026-06-17 03:23:40] PERMANENTLY FAILED: 8171ehsaasprogrambisp.pk
  - Attempts: 1/2
  - Final Error: [Errno 8] nodename nor servname provided, or not known

[2026-06-17 03:23:40] Processing 8171ehsaasprograme.pk
  - Error on attempt 1: [Errno 8] nodename nor servname provided, or not known

[2026-06-17 03:23:40] PERMANENTLY FAILED: 8171ehsaasprograme.pk
  - Attempts: 1/2
  - Final Error: [Errno 8] nodename nor servname provided, or not known

[2026-06-17 03:23:40] Processing 8171ip.pk
  - Error on attempt 1: [Errno 8] nodename nor servname provided, or not known

[2026-06-17 03:23:40] PERMANENTLY FAILED: 8171ip.pk
  - Attempts: 1/2
  - Final Error: [Errno 8] nodename nor servname provided, or not known

[2026-06-17 03:23:40] Processing 210-56-9-84.dialup.isb.comsats.net.pk
  - Error on attempt 1: [Errno 8] nodename nor servname provided, or not known

[2026-06-17 03:23:40] PERMANENTLY FAILED: 210-56-9-84.dialup.isb.comsats.net.pk
  - Attempts: 1/2
  - Final Error: [Errno 8] nodename nor servname provided, or not known

[2026-06-17 03:23:40] Processing 8171official.pk
  - Error on attempt 1: [Errno 8] nodename nor servname provided, or not known

[2026-06-17 03:23:40] PERMANENTLY FAILED: 8171official.pk
  - Attempts: 1/2
  - Final Error: [Errno 8] nodename nor servname provided, or not known

[2026-06-17 03:23:40] Processing 2828.pk
  - Error on attempt 1: [Errno 8] nodename nor servname provided, or not known

[2026-06-17 03:23:40] PERMANENTLY FAILED: 2828.pk
  - Attempts: 1/2
  - Final Error: [Errno 8] nodename nor servname provided, or not known

[2026-06-17 03:23:40] Processing 8171onlinecheck.pk
  - Error on attempt 1: [Errno 8] nodename nor servname provided, or not known

[2026-06-17 03:23:40] PERMANENTLY FAILED: 8171onlinecheck.pk
  - Attempts: 1/2
  - Final Error: [Errno 8] nodename nor servname provided, or not known

[2026-06-17 03:23:40] Processing 8171ehsaasnews.com.pk
  - Error on attempt 1: [Errno 8] nodename nor servname provided, or not known

[2026-06-17 03:23:40] PERMANENTLY FAILED: 8171ehsaasnews.com.pk
  - Attempts: 1/2
  - Final Error: [Errno 8] nodename nor servname provided, or not known

[2026-06-17 03:23:40] Processing 8171ehsaasnews.pk
  - Error on attempt 1: [Errno 8] nodename nor servname provided, or not known

[2026-06-17 03:23:40] PERMANENTLY FAILED: 8171ehsaasnews.pk
  - Attempts: 1/2
  - Final Error: [Errno 8] nodename nor servname provided, or not known

[2026-06-17 03:23:40] Processing 8171update.pk
  - Error on attempt 1: [Errno 8] nodename nor servname provided, or not known

[2026-06-17 03:23:40] PERMANENTLY FAILED: 8171update.pk
  - Attempts: 1/2
  - Final Error: [Errno 8] nodename nor servname provided, or not known

[2026-06-17 03:23:40] Processing 2rent.pk
  - Error on attempt 1: [Errno 8] nodename nor servname provided, or not known

[2026-06-17 03:23:40] PERMANENTLY FAILED: 2rent.pk
  - Attempts: 1/2
  - Final Error: [Errno 8] nodename nor servname provided, or not known

[2026-06-17 03:23:40] Processing 8171ip.com.pk
  - Error on attempt 1: [Errno 8] nodename nor servname provided, or not known

[2026-06-17 03:23:40] PERMANENTLY FAILED: 8171ip.com.pk
  - Attempts: 1/2
  - Final Error: [Errno 8] nodename nor servname provided, or not known

[2026-06-17 03:23:40] Processing 8171official.com.pk
  - Error on attempt 1: [Errno 8] nodename nor servname provided, or not known

[2026-06-17 03:23:40] PERMANENTLY FAILED: 8171official.com.pk
  - Attempts: 1/2
  - Final Error: [Errno 8] nodename nor servname provided, or not known

[2026-06-17 03:23:48] Processing 1click.pk
  - Error on attempt 1: Connection Timed Out

[2026-06-17 03:23:48] PERMANENTLY FAILED: 1click.pk
  - Attempts: 1/2
  - Final Error: Connection Timed Out

[2026-06-17 03:23:49] Processing 8171-webportal.pk
  - Error on attempt 1: Connection Timed Out

[2026-06-17 03:23:49] PERMANENTLY FAILED: 8171-webportal.pk
  - Attempts: 1/2
  - Final Error: Connection Timed Out

[2026-06-17 03:23:49] Processing 8171-webportal.com.pk
  - Error on attempt 1: [Errno 8] nodename nor servname provided, or not known

[2026-06-17 03:23:49] PERMANENTLY FAILED: 8171-webportal.com.pk
  - Attempts: 1/2
  - Final Error: [Errno 8] nodename nor servname provided, or not known

