[2026-06-17 05:10:35] Processing staging.lilandcloe.h6.re
  - Error on attempt 1: [Errno 8] nodename nor servname provided, or not known

[2026-06-17 05:10:35] PERMANENTLY FAILED: staging.lilandcloe.h6.re
  - Attempts: 1/2
  - Final Error: [Errno 8] nodename nor servname provided, or not known

[2026-06-17 05:10:35] Processing 79310686.sni.cloudflaressl.com
  - Error on attempt 1: [SSL: SSLV3_ALERT_HANDSHAKE_FAILURE] ssl/tls alert handshake failure (_ssl.c:1006)

[2026-06-17 05:10:35] PERMANENTLY FAILED: 79310686.sni.cloudflaressl.com
  - Attempts: 1/2
  - Final Error: [SSL: SSLV3_ALERT_HANDSHAKE_FAILURE] ssl/tls alert handshake failure (_ssl.c:1006)

[2026-06-17 05:10:36] Processing au.nyfa.edu
  - Error on attempt 1: [Errno 8] nodename nor servname provided, or not known

[2026-06-17 05:10:36] PERMANENTLY FAILED: au.nyfa.edu
  - Attempts: 1/2
  - Final Error: [Errno 8] nodename nor servname provided, or not known

[2026-06-17 05:10:36] Processing pinkandblackshop.com
  - Error on attempt 1: [SSL: SSLV3_ALERT_HANDSHAKE_FAILURE] ssl/tls alert handshake failure (_ssl.c:1006)

[2026-06-17 05:10:36] PERMANENTLY FAILED: pinkandblackshop.com
  - Attempts: 1/2
  - Final Error: [SSL: SSLV3_ALERT_HANDSHAKE_FAILURE] ssl/tls alert handshake failure (_ssl.c:1006)

[2026-06-17 05:10:36] Processing api.app.seohat.com
  - Error on attempt 1: [SSL: TLSV1_UNRECOGNIZED_NAME] tlsv1 unrecognized name (_ssl.c:1006)

[2026-06-17 05:10:36] PERMANENTLY FAILED: api.app.seohat.com
  - Attempts: 1/2
  - Final Error: [SSL: TLSV1_UNRECOGNIZED_NAME] tlsv1 unrecognized name (_ssl.c:1006)

[2026-06-17 05:10:36] Processing ngubfbvhjnl.com
  - Error on attempt 1: [Errno 8] nodename nor servname provided, or not known

[2026-06-17 05:10:36] PERMANENTLY FAILED: ngubfbvhjnl.com
  - Attempts: 1/2
  - Final Error: [Errno 8] nodename nor servname provided, or not known

[2026-06-17 05:10:37] Processing dynamicproperties.co
  - Error on attempt 1: [Errno 61] Connection refused

[2026-06-17 05:10:37] PERMANENTLY FAILED: dynamicproperties.co
  - Attempts: 1/2
  - Final Error: [Errno 61] Connection refused

[2026-06-17 05:10:37] Processing centreon.inkedblood.net
  - Error on attempt 1: [Errno 8] nodename nor servname provided, or not known

[2026-06-17 05:10:37] PERMANENTLY FAILED: centreon.inkedblood.net
  - Attempts: 1/2
  - Final Error: [Errno 8] nodename nor servname provided, or not known

[2026-06-17 05:10:37] Processing dev.api.freshflowersonly.com
  - Error on attempt 1: [SSL: UNEXPECTED_EOF_WHILE_READING] EOF occurred in violation of protocol (_ssl.c:1006)

[2026-06-17 05:10:37] PERMANENTLY FAILED: dev.api.freshflowersonly.com
  - Attempts: 1/2
  - Final Error: [SSL: UNEXPECTED_EOF_WHILE_READING] EOF occurred in violation of protocol (_ssl.c:1006)

[2026-06-17 05:10:37] Processing dev.atsbookkeeping.comeducation.historicacanada.ca
  - Error on attempt 1: [SSL: UNEXPECTED_EOF_WHILE_READING] EOF occurred in violation of protocol (_ssl.c:1006)

[2026-06-17 05:10:37] PERMANENTLY FAILED: dev.atsbookkeeping.comeducation.historicacanada.ca
  - Attempts: 1/2
  - Final Error: [SSL: UNEXPECTED_EOF_WHILE_READING] EOF occurred in violation of protocol (_ssl.c:1006)

[2026-06-17 05:10:38] Processing mahendar.site
  - Error on attempt 1: [Errno 8] nodename nor servname provided, or not known

[2026-06-17 05:10:38] PERMANENTLY FAILED: mahendar.site
  - Attempts: 1/2
  - Final Error: [Errno 8] nodename nor servname provided, or not known

[2026-06-17 05:10:38] Processing example.dapaul.com
  - Error on attempt 1: [Errno 8] nodename nor servname provided, or not known

[2026-06-17 05:10:38] PERMANENTLY FAILED: example.dapaul.com
  - Attempts: 1/2
  - Final Error: [Errno 8] nodename nor servname provided, or not known

[2026-06-17 05:10:38] Processing 156d1d466b61f4ca2ee47133.keenetic.io
  - Error on attempt 1: [Errno 8] nodename nor servname provided, or not known

[2026-06-17 05:10:38] PERMANENTLY FAILED: 156d1d466b61f4ca2ee47133.keenetic.io
  - Attempts: 1/2
  - Final Error: [Errno 8] nodename nor servname provided, or not known

[2026-06-17 05:10:38] Processing dev.checkout.europe-west1.gcp.commercetools.com
  - Error on attempt 1: [Errno 8] nodename nor servname provided, or not known

[2026-06-17 05:10:38] PERMANENTLY FAILED: dev.checkout.europe-west1.gcp.commercetools.com
  - Attempts: 1/2
  - Final Error: [Errno 8] nodename nor servname provided, or not known

[2026-06-17 05:10:39] Processing admin.js.cms.wialon.us
  - Error on attempt 1: [SSL: TLSV1_ALERT_INTERNAL_ERROR] tlsv1 alert internal error (_ssl.c:1006)

[2026-06-17 05:10:39] PERMANENTLY FAILED: admin.js.cms.wialon.us
  - Attempts: 1/2
  - Final Error: [SSL: TLSV1_ALERT_INTERNAL_ERROR] tlsv1 alert internal error (_ssl.c:1006)

[2026-06-17 05:10:39] Processing aula.ensupalabraiem.org
  - Error on attempt 1: [Errno 8] nodename nor servname provided, or not known

[2026-06-17 05:10:39] PERMANENTLY FAILED: aula.ensupalabraiem.org
  - Attempts: 1/2
  - Final Error: [Errno 8] nodename nor servname provided, or not known

[2026-06-17 05:10:39] Processing bil.outlet.se
  - Error on attempt 1: [SSL: TLSV1_ALERT_INTERNAL_ERROR] tlsv1 alert internal error (_ssl.c:1006)

[2026-06-17 05:10:39] PERMANENTLY FAILED: bil.outlet.se
  - Attempts: 1/2
  - Final Error: [SSL: TLSV1_ALERT_INTERNAL_ERROR] tlsv1 alert internal error (_ssl.c:1006)

[2026-06-17 05:10:40] Processing caz-odin-t-postgresdb.postgres.database.usgovcloudapi.net
  - Error on attempt 1: [Errno 8] nodename nor servname provided, or not known

[2026-06-17 05:10:40] PERMANENTLY FAILED: caz-odin-t-postgresdb.postgres.database.usgovcloudapi.net
  - Attempts: 1/2
  - Final Error: [Errno 8] nodename nor servname provided, or not known

[2026-06-17 05:10:40] Processing backend.neekan.com
  - Error on attempt 1: [SSL: TLSV1_ALERT_INTERNAL_ERROR] tlsv1 alert internal error (_ssl.c:1006)

[2026-06-17 05:10:40] PERMANENTLY FAILED: backend.neekan.com
  - Attempts: 1/2
  - Final Error: [SSL: TLSV1_ALERT_INTERNAL_ERROR] tlsv1 alert internal error (_ssl.c:1006)

[2026-06-17 05:10:42] Processing mx3.peisze.com
  - Error on attempt 1: [Errno 8] nodename nor servname provided, or not known

[2026-06-17 05:10:42] PERMANENTLY FAILED: mx3.peisze.com
  - Attempts: 1/2
  - Final Error: [Errno 8] nodename nor servname provided, or not known

[2026-06-17 05:10:44] Processing automio-mail.net
  - Error on attempt 1: [Errno 8] nodename nor servname provided, or not known

[2026-06-17 05:10:44] PERMANENTLY FAILED: automio-mail.net
  - Attempts: 1/2
  - Final Error: [Errno 8] nodename nor servname provided, or not known

[2026-06-17 05:10:45] Processing w577096163.fnos.net
  - Error on attempt 1: [SSL: UNEXPECTED_EOF_WHILE_READING] EOF occurred in violation of protocol (_ssl.c:1006)

[2026-06-17 05:10:45] PERMANENTLY FAILED: w577096163.fnos.net
  - Attempts: 1/2
  - Final Error: [SSL: UNEXPECTED_EOF_WHILE_READING] EOF occurred in violation of protocol (_ssl.c:1006)

[2026-06-17 05:10:45] Processing staging.sel.cabinet.id
  - Error on attempt 1: [Errno 8] nodename nor servname provided, or not known

[2026-06-17 05:10:45] PERMANENTLY FAILED: staging.sel.cabinet.id
  - Attempts: 1/2
  - Final Error: [Errno 8] nodename nor servname provided, or not known

[2026-06-17 05:10:45] Processing 141957792-website-test.eu1.prod.hubspot-at-test.com
  - Error on attempt 1: [SSL: SSLV3_ALERT_HANDSHAKE_FAILURE] ssl/tls alert handshake failure (_ssl.c:1006)

[2026-06-17 05:10:45] PERMANENTLY FAILED: 141957792-website-test.eu1.prod.hubspot-at-test.com
  - Attempts: 1/2
  - Final Error: [SSL: SSLV3_ALERT_HANDSHAKE_FAILURE] ssl/tls alert handshake failure (_ssl.c:1006)

[2026-06-17 05:10:45] Processing secure.thaifilms.com
  - Error on attempt 1: Connection Timed Out

[2026-06-17 05:10:45] PERMANENTLY FAILED: secure.thaifilms.com
  - Attempts: 1/2
  - Final Error: Connection Timed Out

[2026-06-17 05:10:45] Processing ebmail.carbonforumasia.com
  - Error on attempt 1: Connection Timed Out

[2026-06-17 05:10:45] PERMANENTLY FAILED: ebmail.carbonforumasia.com
  - Attempts: 1/2
  - Final Error: Connection Timed Out

[2026-06-17 05:10:45] Processing poc.mellicard.com
  - Error on attempt 1: Connection Timed Out

[2026-06-17 05:10:45] PERMANENTLY FAILED: poc.mellicard.com
  - Attempts: 1/2
  - Final Error: Connection Timed Out

[2026-06-17 05:10:45] Processing as9912.xn--hndler-bua.com
  - Error on attempt 1: Connection Timed Out

[2026-06-17 05:10:45] PERMANENTLY FAILED: as9912.xn--hndler-bua.com
  - Attempts: 1/2
  - Final Error: Connection Timed Out

[2026-06-17 05:10:45] Processing login.iphone.at
  - Error on attempt 1: Connection Timed Out

[2026-06-17 05:10:45] PERMANENTLY FAILED: login.iphone.at
  - Attempts: 1/2
  - Final Error: Connection Timed Out

[2026-06-17 05:10:46] Processing my-mikulla.direct.quickconnect.to
  - Error on attempt 1: Connection Timed Out

[2026-06-17 05:10:46] PERMANENTLY FAILED: my-mikulla.direct.quickconnect.to
  - Attempts: 1/2
  - Final Error: Connection Timed Out

[2026-06-17 05:10:46] Processing demo.actors.info
  - Error on attempt 1: Connection Timed Out

[2026-06-17 05:10:46] PERMANENTLY FAILED: demo.actors.info
  - Attempts: 1/2
  - Final Error: Connection Timed Out

[2026-06-17 05:10:46] Processing new.titsfuck.com
  - Error on attempt 1: Connection Timed Out

[2026-06-17 05:10:46] PERMANENTLY FAILED: new.titsfuck.com
  - Attempts: 1/2
  - Final Error: Connection Timed Out

[2026-06-17 05:10:46] Processing dev.musina.it
  - Error on attempt 1: Connection Timed Out

[2026-06-17 05:10:46] PERMANENTLY FAILED: dev.musina.it
  - Attempts: 1/2
  - Final Error: Connection Timed Out

[2026-06-17 05:10:46] Processing siconductors.com
  - Error on attempt 1: [Errno 8] nodename nor servname provided, or not known

[2026-06-17 05:10:46] PERMANENTLY FAILED: siconductors.com
  - Attempts: 1/2
  - Final Error: [Errno 8] nodename nor servname provided, or not known

[2026-06-17 05:10:46] Processing txqildz-ghvvkjmjgg.dynamic-m.com
  - Error on attempt 1: Connection Timed Out

[2026-06-17 05:10:46] PERMANENTLY FAILED: txqildz-ghvvkjmjgg.dynamic-m.com
  - Attempts: 1/2
  - Final Error: Connection Timed Out

[2026-06-17 05:10:46] Processing argo.sexhealth.com
  - Error on attempt 1: Connection Timed Out

[2026-06-17 05:10:46] PERMANENTLY FAILED: argo.sexhealth.com
  - Attempts: 1/2
  - Final Error: Connection Timed Out

[2026-06-17 05:10:46] Processing iot.renovaveisnahora.pt
  - Error on attempt 1: Connection Timed Out

[2026-06-17 05:10:46] PERMANENTLY FAILED: iot.renovaveisnahora.pt
  - Attempts: 1/2
  - Final Error: Connection Timed Out

[2026-06-17 05:10:46] Processing xaqtauser.renovaveisnahora.pt
  - Error on attempt 1: Connection Timed Out

[2026-06-17 05:10:46] Processing knopka.eu
  - Error on attempt 1: [Errno 61] Connection refused

[2026-06-17 05:10:46] PERMANENTLY FAILED: xaqtauser.renovaveisnahora.pt
  - Attempts: 1/2
  - Final Error: Connection Timed Out

[2026-06-17 05:10:46] PERMANENTLY FAILED: knopka.eu
  - Attempts: 1/2
  - Final Error: [Errno 61] Connection refused

[2026-06-17 05:10:47] Processing dxp4800-hw.direct.ug.link
  - Error on attempt 1: [Errno 8] nodename nor servname provided, or not known

[2026-06-17 05:10:47] PERMANENTLY FAILED: dxp4800-hw.direct.ug.link
  - Attempts: 1/2
  - Final Error: [Errno 8] nodename nor servname provided, or not known

[2026-06-17 05:10:47] Processing 2dxbd.lol
  - Error on attempt 1: [Errno 8] nodename nor servname provided, or not known

[2026-06-17 05:10:47] PERMANENTLY FAILED: 2dxbd.lol
  - Attempts: 1/2
  - Final Error: [Errno 8] nodename nor servname provided, or not known

[2026-06-17 05:10:47] Processing indicadores.edem.eu
  - Error on attempt 1: Connection Timed Out

[2026-06-17 05:10:47] PERMANENTLY FAILED: indicadores.edem.eu
  - Attempts: 1/2
  - Final Error: Connection Timed Out

[2026-06-17 05:10:47] Processing 47dc6f38.sni.cloudflaressl.com
  - Error on attempt 1: [SSL: SSLV3_ALERT_HANDSHAKE_FAILURE] ssl/tls alert handshake failure (_ssl.c:1006)

[2026-06-17 05:10:47] PERMANENTLY FAILED: 47dc6f38.sni.cloudflaressl.com
  - Attempts: 1/2
  - Final Error: [SSL: SSLV3_ALERT_HANDSHAKE_FAILURE] ssl/tls alert handshake failure (_ssl.c:1006)

[2026-06-17 05:10:47] Processing cluster-w5zg5ynoafanst7tcngguhvdf6.cloudworkstations.dev
  - Error on attempt 1: [Errno 8] nodename nor servname provided, or not known

[2026-06-17 05:10:47] PERMANENTLY FAILED: cluster-w5zg5ynoafanst7tcngguhvdf6.cloudworkstations.dev
  - Attempts: 1/2
  - Final Error: [Errno 8] nodename nor servname provided, or not known

[2026-06-17 05:10:47] Processing online.brevi.com
  - Error on attempt 1: Connection Timed Out

[2026-06-17 05:10:47] PERMANENTLY FAILED: online.brevi.com
  - Attempts: 1/2
  - Final Error: Connection Timed Out

[2026-06-17 05:10:47] Processing 4d6f3276-fab2-456d-9851-66007e955f2f.dvvm.com
  - Error on attempt 1: [SSL: TLSV1_UNRECOGNIZED_NAME] tlsv1 unrecognized name (_ssl.c:1006)

[2026-06-17 05:10:47] PERMANENTLY FAILED: 4d6f3276-fab2-456d-9851-66007e955f2f.dvvm.com
  - Attempts: 1/2
  - Final Error: [SSL: TLSV1_UNRECOGNIZED_NAME] tlsv1 unrecognized name (_ssl.c:1006)

[2026-06-17 05:10:47] Processing api.andreloessel.viewbook.com
  - Error on attempt 1: [SSL: TLSV1_ALERT_INTERNAL_ERROR] tlsv1 alert internal error (_ssl.c:1006)

[2026-06-17 05:10:47] PERMANENTLY FAILED: api.andreloessel.viewbook.com
  - Attempts: 1/2
  - Final Error: [SSL: TLSV1_ALERT_INTERNAL_ERROR] tlsv1 alert internal error (_ssl.c:1006)

[2026-06-17 05:10:47] Processing dev.app.elitejourneyguides.live
  - Error on attempt 1: Connection Timed Out

[2026-06-17 05:10:47] PERMANENTLY FAILED: dev.app.elitejourneyguides.live
  - Attempts: 1/2
  - Final Error: Connection Timed Out

[2026-06-17 05:10:48] Processing dev.sni.cloudflaressl.comjyqgzdxo.surveyssaas.com
  - Error on attempt 1: [Errno 61] Connection refused

[2026-06-17 05:10:48] PERMANENTLY FAILED: dev.sni.cloudflaressl.comjyqgzdxo.surveyssaas.com
  - Attempts: 1/2
  - Final Error: [Errno 61] Connection refused

[2026-06-17 05:10:48] Processing api.app.emailforinnovators.com
  - Error on attempt 1: [Errno 8] nodename nor servname provided, or not known

[2026-06-17 05:10:48] PERMANENTLY FAILED: api.app.emailforinnovators.com
  - Attempts: 1/2
  - Final Error: [Errno 8] nodename nor servname provided, or not known

[2026-06-17 05:10:48] Processing v1.wolf-forum.ch
  - Error on attempt 1: Connection Timed Out

[2026-06-17 05:10:48] PERMANENTLY FAILED: v1.wolf-forum.ch
  - Attempts: 1/2
  - Final Error: Connection Timed Out

[2026-06-17 05:10:48] Processing e35c1b85-b32f-4209-85a4-de21d3b5b0d9.littlestreetpottery.com
  - Error on attempt 1: [Errno 8] nodename nor servname provided, or not known

[2026-06-17 05:10:48] PERMANENTLY FAILED: e35c1b85-b32f-4209-85a4-de21d3b5b0d9.littlestreetpottery.com
  - Attempts: 1/2
  - Final Error: [Errno 8] nodename nor servname provided, or not known

[2026-06-17 05:10:48] Processing sohohouse180.com
  - Error on attempt 1: [Errno 8] nodename nor servname provided, or not known

[2026-06-17 05:10:48] PERMANENTLY FAILED: sohohouse180.com
  - Attempts: 1/2
  - Final Error: [Errno 8] nodename nor servname provided, or not known

[2026-06-17 05:10:48] Processing flsitebuilder-stage7.com
  - Error on attempt 1: [Errno 8] nodename nor servname provided, or not known

[2026-06-17 05:10:48] PERMANENTLY FAILED: flsitebuilder-stage7.com
  - Attempts: 1/2
  - Final Error: [Errno 8] nodename nor servname provided, or not known

[2026-06-17 05:10:49] Processing guqos.workers.dev
  - Error on attempt 1: [Errno 8] nodename nor servname provided, or not known

[2026-06-17 05:10:49] PERMANENTLY FAILED: guqos.workers.dev
  - Attempts: 1/2
  - Final Error: [Errno 8] nodename nor servname provided, or not known

[2026-06-17 05:10:49] Processing 5d643833.creator-preview.lottiefiles.dev
  - Error on attempt 1: [Errno 8] nodename nor servname provided, or not known

[2026-06-17 05:10:49] PERMANENTLY FAILED: 5d643833.creator-preview.lottiefiles.dev
  - Attempts: 1/2
  - Final Error: [Errno 8] nodename nor servname provided, or not known

[2026-06-17 05:10:49] Processing betting-scoreboard-gql.vulkanrussia.rocks
  - Error on attempt 1: [Errno 8] nodename nor servname provided, or not known

[2026-06-17 05:10:49] PERMANENTLY FAILED: betting-scoreboard-gql.vulkanrussia.rocks
  - Attempts: 1/2
  - Final Error: [Errno 8] nodename nor servname provided, or not known

[2026-06-17 05:10:49] Processing dashboard.mygolfer.com
  - Error on attempt 1: Connection Timed Out

[2026-06-17 05:10:49] PERMANENTLY FAILED: dashboard.mygolfer.com
  - Attempts: 1/2
  - Final Error: Connection Timed Out

[2026-06-17 05:10:49] Processing whatthemoxie.com
  - Error on attempt 1: [Errno 8] nodename nor servname provided, or not known

[2026-06-17 05:10:49] PERMANENTLY FAILED: whatthemoxie.com
  - Attempts: 1/2
  - Final Error: [Errno 8] nodename nor servname provided, or not known

[2026-06-17 05:10:49] Processing connect.vrii.com
  - Error on attempt 1: [SSL: TLSV1_UNRECOGNIZED_NAME] tlsv1 unrecognized name (_ssl.c:1006)

[2026-06-17 05:10:49] PERMANENTLY FAILED: connect.vrii.com
  - Attempts: 1/2
  - Final Error: [SSL: TLSV1_UNRECOGNIZED_NAME] tlsv1 unrecognized name (_ssl.c:1006)

[2026-06-17 05:10:49] Processing tonyolinda.direct.quickconnect.to
  - Error on attempt 1: Connection Timed Out

[2026-06-17 05:10:49] PERMANENTLY FAILED: tonyolinda.direct.quickconnect.to
  - Attempts: 1/2
  - Final Error: Connection Timed Out

[2026-06-17 05:10:49] Processing yandex.sberbank.youla.pochtabank.od2kvu.wog-azk.com
  - Error on attempt 1: Connection Timed Out

[2026-06-17 05:10:49] PERMANENTLY FAILED: yandex.sberbank.youla.pochtabank.od2kvu.wog-azk.com
  - Attempts: 1/2
  - Final Error: Connection Timed Out

[2026-06-17 05:10:49] Processing ieonios.online
  - Error on attempt 1: [Errno 8] nodename nor servname provided, or not known

[2026-06-17 05:10:49] PERMANENTLY FAILED: ieonios.online
  - Attempts: 1/2
  - Final Error: [Errno 8] nodename nor servname provided, or not known

[2026-06-17 05:10:49] Processing api.skmagic.innovationcast.net
  - Error on attempt 1: [Errno 8] nodename nor servname provided, or not known

[2026-06-17 05:10:49] PERMANENTLY FAILED: api.skmagic.innovationcast.net
  - Attempts: 1/2
  - Final Error: [Errno 8] nodename nor servname provided, or not known

[2026-06-17 05:10:50] Processing stemcelljoint.net
  - Error on attempt 1: [Errno 8] nodename nor servname provided, or not known

[2026-06-17 05:10:50] PERMANENTLY FAILED: stemcelljoint.net
  - Attempts: 1/2
  - Final Error: [Errno 8] nodename nor servname provided, or not known

[2026-06-17 05:10:50] Processing kennynrest.cn
  - Error on attempt 1: [Errno 8] nodename nor servname provided, or not known

[2026-06-17 05:10:50] PERMANENTLY FAILED: kennynrest.cn
  - Attempts: 1/2
  - Final Error: [Errno 8] nodename nor servname provided, or not known

[2026-06-17 05:10:50] Processing server2.drcomfortdpm.com
  - Error on attempt 1: Connection Timed Out

[2026-06-17 05:10:50] PERMANENTLY FAILED: server2.drcomfortdpm.com
  - Attempts: 1/2
  - Final Error: Connection Timed Out

[2026-06-17 05:10:50] Processing wwwitemap.innovationcast.net
  - Error on attempt 1: [Errno 8] nodename nor servname provided, or not known

[2026-06-17 05:10:50] PERMANENTLY FAILED: wwwitemap.innovationcast.net
  - Attempts: 1/2
  - Final Error: [Errno 8] nodename nor servname provided, or not known

[2026-06-17 05:10:50] Processing forums.adcamp.cz
  - Error on attempt 1: Connection Timed Out

[2026-06-17 05:10:50] PERMANENTLY FAILED: forums.adcamp.cz
  - Attempts: 1/2
  - Final Error: Connection Timed Out

[2026-06-17 05:10:50] Processing familyofficetoys.com
  - Error on attempt 1: [Errno 61] Connection refused

[2026-06-17 05:10:50] PERMANENTLY FAILED: familyofficetoys.com
  - Attempts: 1/2
  - Final Error: [Errno 61] Connection refused

[2026-06-17 05:10:51] Processing tzefldvs.caddy-one-ibe-redirect-proxy.eu-central-1.elasticbeanstalk.com
  - Error on attempt 1: [SSL: TLSV1_ALERT_INTERNAL_ERROR] tlsv1 alert internal error (_ssl.c:1006)

[2026-06-17 05:10:51] PERMANENTLY FAILED: tzefldvs.caddy-one-ibe-redirect-proxy.eu-central-1.elasticbeanstalk.com
  - Attempts: 1/2
  - Final Error: [SSL: TLSV1_ALERT_INTERNAL_ERROR] tlsv1 alert internal error (_ssl.c:1006)

[2026-06-17 05:10:51] Processing akivapini.direct.quickconnect.to
  - Error on attempt 1: Connection Timed Out

[2026-06-17 05:10:51] PERMANENTLY FAILED: akivapini.direct.quickconnect.to
  - Attempts: 1/2
  - Final Error: Connection Timed Out

[2026-06-17 05:10:51] Processing glbssy26.workers.dev
  - Error on attempt 1: [Errno 8] nodename nor servname provided, or not known

[2026-06-17 05:10:51] PERMANENTLY FAILED: glbssy26.workers.dev
  - Attempts: 1/2
  - Final Error: [Errno 8] nodename nor servname provided, or not known

[2026-06-17 05:10:52] Processing notexistsadmin.lesliecaron-auberge.com
  - Error on attempt 1: [Errno 61] Connection refused

[2026-06-17 05:10:52] PERMANENTLY FAILED: notexistsadmin.lesliecaron-auberge.com
  - Attempts: 1/2
  - Final Error: [Errno 61] Connection refused

[2026-06-17 05:10:52] Processing leatherscapitalreach.co
  - Error on attempt 1: [Errno 8] nodename nor servname provided, or not known

[2026-06-17 05:10:52] PERMANENTLY FAILED: leatherscapitalreach.co
  - Attempts: 1/2
  - Final Error: [Errno 8] nodename nor servname provided, or not known

[2026-06-17 05:10:52] Processing eta.empire.et
  - Error on attempt 1: [Errno 8] nodename nor servname provided, or not known

[2026-06-17 05:10:52] PERMANENTLY FAILED: eta.empire.et
  - Attempts: 1/2
  - Final Error: [Errno 8] nodename nor servname provided, or not known

[2026-06-17 05:10:53] Processing configfarsi695fcf3146e3d.workers.dev
  - Error on attempt 1: [Errno 8] nodename nor servname provided, or not known

[2026-06-17 05:10:53] PERMANENTLY FAILED: configfarsi695fcf3146e3d.workers.dev
  - Attempts: 1/2
  - Final Error: [Errno 8] nodename nor servname provided, or not known

[2026-06-17 05:10:53] Processing ww25.argo.rkvid.com
  - Error on attempt 1: [Errno 61] Connection refused

[2026-06-17 05:10:53] PERMANENTLY FAILED: ww25.argo.rkvid.com
  - Attempts: 1/2
  - Final Error: [Errno 61] Connection refused

[2026-06-17 05:10:53] Processing staging.app.www.adfasdfsd.truffled.lol
  - Error on attempt 1: [SSL: TLSV1_ALERT_INTERNAL_ERROR] tlsv1 alert internal error (_ssl.c:1006)

[2026-06-17 05:10:53] PERMANENTLY FAILED: staging.app.www.adfasdfsd.truffled.lol
  - Attempts: 1/2
  - Final Error: [SSL: TLSV1_ALERT_INTERNAL_ERROR] tlsv1 alert internal error (_ssl.c:1006)

[2026-06-17 05:10:53] Processing mailgw.baas.ro
  - Error on attempt 1: Connection Timed Out

[2026-06-17 05:10:53] PERMANENTLY FAILED: mailgw.baas.ro
  - Attempts: 1/2
  - Final Error: Connection Timed Out

[2026-06-17 05:10:53] Processing wqarjemail.webnew.de
  - Error on attempt 1: [Errno 8] nodename nor servname provided, or not known

[2026-06-17 05:10:53] PERMANENTLY FAILED: wqarjemail.webnew.de
  - Attempts: 1/2
  - Final Error: [Errno 8] nodename nor servname provided, or not known

[2026-06-17 05:10:53] Processing hallinta.workers.dev
  - Error on attempt 1: [Errno 8] nodename nor servname provided, or not known

[2026-06-17 05:10:53] PERMANENTLY FAILED: hallinta.workers.dev
  - Attempts: 1/2
  - Final Error: [Errno 8] nodename nor servname provided, or not known

[2026-06-17 05:10:53] Processing cpanel.finechineseclothing.com
  - Error on attempt 1: [Errno 8] nodename nor servname provided, or not known

[2026-06-17 05:10:53] PERMANENTLY FAILED: cpanel.finechineseclothing.com
  - Attempts: 1/2
  - Final Error: [Errno 8] nodename nor servname provided, or not known

[2026-06-17 05:10:53] Processing ftp.gtdfl.com
  - Error on attempt 1: [Errno 54] Connection reset by peer

[2026-06-17 05:10:53] PERMANENTLY FAILED: ftp.gtdfl.com
  - Attempts: 1/2
  - Final Error: [Errno 54] Connection reset by peer

[2026-06-17 05:10:53] Processing canvasschamp.com
  - Error on attempt 1: [Errno 8] nodename nor servname provided, or not known

[2026-06-17 05:10:53] PERMANENTLY FAILED: canvasschamp.com
  - Attempts: 1/2
  - Final Error: [Errno 8] nodename nor servname provided, or not known

