[2026-06-17 05:10:35] Freeze Detected: cailyboots.direct.quickconnect.to (Worker: Worker-24)
[2026-06-17 05:10:35] Freeze Detected: a5681904.com (Worker: Worker-14)
[2026-06-17 05:10:35] Freeze Detected: my-mikulla.direct.quickconnect.to (Worker: Worker-9)
[2026-06-17 05:10:35] Freeze Detected: ebmail.carbonforumasia.com (Worker: Worker-25)
[2026-06-17 05:10:35] Freeze Detected: poc.mellicard.com (Worker: Rescue-1781654425-10)
[2026-06-17 05:10:35] Freeze Detected: demo.actors.info (Worker: Rescue-1781654425-7)
[2026-06-17 05:10:35] Freeze Detected: new.titsfuck.com (Worker: Worker-27)
[2026-06-17 05:10:35] Freeze Detected: medyacin.net (Worker: Rescue-1781654425-8)
[2026-06-17 05:10:35] Freeze Detected: dev.musina.it (Worker: Worker-6)
[2026-06-17 05:10:35] Freeze Detected: gopjax.com (Worker: Worker-18)
[2026-06-17 05:10:35] Freeze Detected: indicadores.edem.eu (Worker: Worker-3)
[2026-06-17 05:10:35] Freeze Detected: txqildz-ghvvkjmjgg.dynamic-m.com (Worker: Worker-26)
[2026-06-17 05:10:35] Freeze Detected: argo.sexhealth.com (Worker: Rescue-1781654425-16)
[2026-06-17 05:10:35] Freeze Detected: mjchoww17.mitsubishi.fuckbookdateing.com (Worker: Worker-1)
[2026-06-17 05:10:35] Freeze Detected: xaqtauser.renovaveisnahora.pt (Worker: Worker-22)
[2026-06-17 05:10:35] Freeze Detected: meilisearch.totalcsgo.com (Worker: Worker-28)
[2026-06-17 05:10:35] Freeze Detected: s-tuchao.com (Worker: Worker-20)
[2026-06-17 05:10:35] Freeze Detected: whitememorialchapel.com (Worker: Rescue-1781654425-15)
[2026-06-17 05:10:35] Freeze Detected: online.brevi.com (Worker: Worker-5)
[2026-06-17 05:10:35] Freeze Detected: ibctankii.ca (Worker: Worker-10)
[2026-06-17 05:10:35] Freeze Detected: 157535.gov.cn.e0ywww.appello.co.uk (Worker: Worker-23)
[2026-06-17 05:10:35] Freeze Detected: bwvhefzr.brainwashing.de (Worker: Rescue-1781654425-12)
[2026-06-17 05:10:35] Freeze Detected: daff5268-0b2b-4418-b04a-14722d9578ae.eespezialist.de (Worker: Rescue-1781654425-3)
[2026-06-17 05:10:35] Freeze Detected: en.ufriendmedia.com (Worker: Rescue-1781654425-2)
[2026-06-17 05:10:35] Freeze Detected: admin.js.cms.wialon.us (Worker: Worker-7)
[2026-06-17 05:10:35] Freeze Detected: creativegrouprecords.com (Worker: Rescue-1781654425-17)
[2026-06-17 05:10:35] Freeze Detected: v1.wolf-forum.ch (Worker: Worker-15)
[2026-06-17 05:10:35] Freeze Detected: 156d1d466b61f4ca2ee47133.keenetic.io (Worker: Rescue-1781654425-9)
[2026-06-17 05:10:35] Freeze Detected: margodscott.com (Worker: Rescue-1781654425-5)
[2026-06-17 05:10:35] Freeze Detected: dev.app.elitejourneyguides.live (Worker: Rescue-1781654425-6)
[2026-06-17 05:10:35] Freeze Detected: mahendar.site (Worker: Worker-13)
[2026-06-17 05:10:35] Freeze Detected: example.dapaul.com (Worker: Worker-29)
[2026-06-17 05:10:35] Freeze Detected: bil.outlet.se (Worker: Worker-8)
[2026-06-17 05:10:35] Freeze Detected: vrfbfsjaw1wqocvjbntkjellsy82-532371dec44cfc4b7fc2604d8ed24ea1.eu8.myvolumio.org (Worker: Worker-12)
[2026-06-17 05:10:35] Freeze Detected: dev.checkout.europe-west1.gcp.commercetools.com (Worker: Rescue-1781654425-0)
[2026-06-17 05:10:35] Freeze Detected: mandmbiomedical.com (Worker: Worker-2)
[2026-06-17 05:10:35] Freeze Detected: djtluww17.tickets.sloganoutdoor.com (Worker: Worker-4)
[2026-06-17 05:10:35] Freeze Detected: dashboard.mygolfer.com (Worker: Worker-0)
[2026-06-17 05:10:35] Freeze Detected: aula.ensupalabraiem.org (Worker: Rescue-1781654425-4)
[2026-06-17 05:10:35] Freeze Detected: caz-odin-t-postgresdb.postgres.database.usgovcloudapi.net (Worker: Worker-16)
[2026-06-17 05:10:35] Freeze Detected: tonyolinda.direct.quickconnect.to (Worker: Rescue-1781654425-11)
[2026-06-17 05:10:35] Freeze Detected: aivisibilityscan.com (Worker: Worker-21)
[2026-06-17 05:10:35] Freeze Detected: yandex.sberbank.youla.pochtabank.od2kvu.wog-azk.com (Worker: Worker-17)
[2026-06-17 05:10:35] Freeze Detected: cuoihoiphunglong.com (Worker: Rescue-1781654425-1)
[2026-06-17 05:10:35] Freeze Detected: backend.neekan.com (Worker: Worker-19)
[2026-06-17 05:10:35] Freeze Detected: mountainlakebh.com (Worker: Rescue-1781654425-13)
[2026-06-17 05:10:35] Freeze Detected: server2.drcomfortdpm.com (Worker: Worker-11)
[2026-06-17 05:10:35] Freeze Detected: forums.adcamp.cz (Worker: Rescue-1781654425-14)
