[2026-06-17 03:24:45] Processing 103-86-135-178.mispl.pk
  - Error on attempt 1: [Errno 8] nodename nor servname provided, or not known

[2026-06-17 03:24:45] Processing 116.58.33-90.nexlinx.net.pk
  - Error on attempt 1: [Errno 8] nodename nor servname provided, or not known

[2026-06-17 03:24:45] PERMANENTLY FAILED: 103-86-135-178.mispl.pk
  - Attempts: 1/2
  - Final Error: [Errno 8] nodename nor servname provided, or not known

[2026-06-17 03:24:45] PERMANENTLY FAILED: 116.58.33-90.nexlinx.net.pk
  - Attempts: 1/2
  - Final Error: [Errno 8] nodename nor servname provided, or not known

[2026-06-17 03:24:45] Processing 1win-pakistan.pk
  - Error on attempt 1: [Errno 8] nodename nor servname provided, or not known

[2026-06-17 03:24:45] PERMANENTLY FAILED: 1win-pakistan.pk
  - Attempts: 1/2
  - Final Error: [Errno 8] nodename nor servname provided, or not known

[2026-06-17 03:24:45] Processing 1-win.pk
  - Error on attempt 1: [Errno 8] nodename nor servname provided, or not known

[2026-06-17 03:24:45] PERMANENTLY FAILED: 1-win.pk
  - Attempts: 1/2
  - Final Error: [Errno 8] nodename nor servname provided, or not known

[2026-06-17 03:24:45] Processing 210-56-9-84.dialup.isb.comsats.net.pk
  - Error on attempt 1: [Errno 8] nodename nor servname provided, or not known

[2026-06-17 03:24:45] Processing 1seven.pk
  - Error on attempt 1: [Errno 8] nodename nor servname provided, or not known

[2026-06-17 03:24:45] PERMANENTLY FAILED: 210-56-9-84.dialup.isb.comsats.net.pk
  - Attempts: 1/2
  - Final Error: [Errno 8] nodename nor servname provided, or not known

[2026-06-17 03:24:45] PERMANENTLY FAILED: 1seven.pk
  - Attempts: 1/2
  - Final Error: [Errno 8] nodename nor servname provided, or not known

[2026-06-17 03:24:45] Processing 100keys.com.pk
  - Error on attempt 1: [Errno 8] nodename nor servname provided, or not known

[2026-06-17 03:24:45] PERMANENTLY FAILED: 100keys.com.pk
  - Attempts: 1/2
  - Final Error: [Errno 8] nodename nor servname provided, or not known

[2026-06-17 03:24:45] Processing 2828.pk
  - Error on attempt 1: [Errno 8] nodename nor servname provided, or not known

[2026-06-17 03:24:45] Processing 19pharma.com.pk
  - Error on attempt 1: [Errno 8] nodename nor servname provided, or not known

[2026-06-17 03:24:45] PERMANENTLY FAILED: 2828.pk
  - Attempts: 1/2
  - Final Error: [Errno 8] nodename nor servname provided, or not known

[2026-06-17 03:24:45] PERMANENTLY FAILED: 19pharma.com.pk
  - Attempts: 1/2
  - Final Error: [Errno 8] nodename nor servname provided, or not known

[2026-06-17 03:24:45] Processing 1xbet.pk
  - Error on attempt 1: [Errno 8] nodename nor servname provided, or not known

[2026-06-17 03:24:45] PERMANENTLY FAILED: 1xbet.pk
  - Attempts: 1/2
  - Final Error: [Errno 8] nodename nor servname provided, or not known

[2026-06-17 03:24:45] Processing 1win1.pk
  - Error on attempt 1: [Errno 8] nodename nor servname provided, or not known

[2026-06-17 03:24:45] PERMANENTLY FAILED: 1win1.pk
  - Attempts: 1/2
  - Final Error: [Errno 8] nodename nor servname provided, or not known

[2026-06-17 03:24:45] Processing 2rent.pk
  - Error on attempt 1: [Errno 8] nodename nor servname provided, or not known

[2026-06-17 03:24:45] PERMANENTLY FAILED: 2rent.pk
  - Attempts: 1/2
  - Final Error: [Errno 8] nodename nor servname provided, or not known

[2026-06-17 03:24:45] Processing 3am.com.pk
  - Error on attempt 1: [Errno 8] nodename nor servname provided, or not known

[2026-06-17 03:24:45] PERMANENTLY FAILED: 3am.com.pk
  - Attempts: 1/2
  - Final Error: [Errno 8] nodename nor servname provided, or not known

[2026-06-17 03:24:45] Processing 1win.pk
  - Error on attempt 1: [Errno 8] nodename nor servname provided, or not known

[2026-06-17 03:24:45] Processing 1toanother.org.pk
  - Error on attempt 1: [Errno 8] nodename nor servname provided, or not known

[2026-06-17 03:24:45] Processing 3realtors.pk
  - Error on attempt 1: [Errno 8] nodename nor servname provided, or not known

[2026-06-17 03:24:45] Processing 42dc.pk
  - Error on attempt 1: [Errno 8] nodename nor servname provided, or not known

[2026-06-17 03:24:45] PERMANENTLY FAILED: 1win.pk
  - Attempts: 1/2
  - Final Error: [Errno 8] nodename nor servname provided, or not known

[2026-06-17 03:24:45] PERMANENTLY FAILED: 1toanother.org.pk
  - Attempts: 1/2
  - Final Error: [Errno 8] nodename nor servname provided, or not known

[2026-06-17 03:24:45] PERMANENTLY FAILED: 3realtors.pk
  - Attempts: 1/2
  - Final Error: [Errno 8] nodename nor servname provided, or not known

[2026-06-17 03:24:45] PERMANENTLY FAILED: 42dc.pk
  - Attempts: 1/2
  - Final Error: [Errno 8] nodename nor servname provided, or not known

[2026-06-17 03:24:45] Processing 6202157.verve.pk
  - Error on attempt 1: [Errno 8] nodename nor servname provided, or not known

[2026-06-17 03:24:45] Processing 66k.monitoring.tevta.gop.pk
  - Error on attempt 1: [Errno 8] nodename nor servname provided, or not known

[2026-06-17 03:24:45] PERMANENTLY FAILED: 6202157.verve.pk
  - Attempts: 1/2
  - Final Error: [Errno 8] nodename nor servname provided, or not known

[2026-06-17 03:24:45] PERMANENTLY FAILED: 66k.monitoring.tevta.gop.pk
  - Attempts: 1/2
  - Final Error: [Errno 8] nodename nor servname provided, or not known

[2026-06-17 03:24:45] Processing 8171alerts.org.pk
  - Error on attempt 1: [Errno 8] nodename nor servname provided, or not known

[2026-06-17 03:24:45] PERMANENTLY FAILED: 8171alerts.org.pk
  - Attempts: 1/2
  - Final Error: [Errno 8] nodename nor servname provided, or not known

[2026-06-17 03:24:45] Processing 800degree.com.pk
  - Error on attempt 1: [Errno 8] nodename nor servname provided, or not known

[2026-06-17 03:24:45] Processing 8171-webportal.com.pk
  - Error on attempt 1: [Errno 8] nodename nor servname provided, or not known

[2026-06-17 03:24:45] PERMANENTLY FAILED: 8171-webportal.com.pk
  - Attempts: 1/2
  - Final Error: [Errno 8] nodename nor servname provided, or not known

[2026-06-17 03:24:45] Processing 6939648.denning.com.pk
  - Error on attempt 1: [Errno 8] nodename nor servname provided, or not known

[2026-06-17 03:24:45] Processing 8171alert.com.pk
  - Error on attempt 1: [Errno 8] nodename nor servname provided, or not known

[2026-06-17 03:24:45] Processing 8171.com.pk
  - Error on attempt 1: [Errno 8] nodename nor servname provided, or not known

[2026-06-17 03:24:45] PERMANENTLY FAILED: 800degree.com.pk
  - Attempts: 1/2
  - Final Error: [Errno 8] nodename nor servname provided, or not known

[2026-06-17 03:24:45] Processing 6824399.ckl.com.pk
  - Error on attempt 1: [Errno 8] nodename nor servname provided, or not known

[2026-06-17 03:24:45] PERMANENTLY FAILED: 6939648.denning.com.pk
  - Attempts: 1/2
  - Final Error: [Errno 8] nodename nor servname provided, or not known

[2026-06-17 03:24:45] PERMANENTLY FAILED: 8171alert.com.pk
  - Attempts: 1/2
  - Final Error: [Errno 8] nodename nor servname provided, or not known

[2026-06-17 03:24:45] PERMANENTLY FAILED: 8171.com.pk
  - Attempts: 1/2
  - Final Error: [Errno 8] nodename nor servname provided, or not known

[2026-06-17 03:24:45] PERMANENTLY FAILED: 6824399.ckl.com.pk
  - Attempts: 1/2
  - Final Error: [Errno 8] nodename nor servname provided, or not known

[2026-06-17 03:24:45] Processing 8171ehsaasnews.pk
  - Error on attempt 1: [Errno 8] nodename nor servname provided, or not known

[2026-06-17 03:24:45] PERMANENTLY FAILED: 8171ehsaasnews.pk
  - Attempts: 1/2
  - Final Error: [Errno 8] nodename nor servname provided, or not known

[2026-06-17 03:24:45] Processing 8171official.com.pk
  - Error on attempt 1: [Errno 8] nodename nor servname provided, or not known

[2026-06-17 03:24:45] Processing 8171ehsaasprograme.pk
  - Error on attempt 1: [Errno 8] nodename nor servname provided, or not known

[2026-06-17 03:24:45] PERMANENTLY FAILED: 8171ehsaasprograme.pk
  - Attempts: 1/2
  - Final Error: [Errno 8] nodename nor servname provided, or not known

[2026-06-17 03:24:45] PERMANENTLY FAILED: 8171official.com.pk
  - Attempts: 1/2
  - Final Error: [Errno 8] nodename nor servname provided, or not known

[2026-06-17 03:24:45] Processing 8171ip.com.pk
  - Error on attempt 1: [Errno 8] nodename nor servname provided, or not known

[2026-06-17 03:24:45] Processing 8171ehsaasprogrambisp.pk
  - Error on attempt 1: [Errno 8] nodename nor servname provided, or not known

[2026-06-17 03:24:45] PERMANENTLY FAILED: 8171ip.com.pk
  - Attempts: 1/2
  - Final Error: [Errno 8] nodename nor servname provided, or not known

[2026-06-17 03:24:45] PERMANENTLY FAILED: 8171ehsaasprogrambisp.pk
  - Attempts: 1/2
  - Final Error: [Errno 8] nodename nor servname provided, or not known

[2026-06-17 03:24:45] Processing 8171ip.pk
  - Error on attempt 1: [Errno 8] nodename nor servname provided, or not known

[2026-06-17 03:24:45] Processing 8171ehsaasnews.com.pk
  - Error on attempt 1: [Errno 8] nodename nor servname provided, or not known

[2026-06-17 03:24:45] PERMANENTLY FAILED: 8171ip.pk
  - Attempts: 1/2
  - Final Error: [Errno 8] nodename nor servname provided, or not known

[2026-06-17 03:24:45] PERMANENTLY FAILED: 8171ehsaasnews.com.pk
  - Attempts: 1/2
  - Final Error: [Errno 8] nodename nor servname provided, or not known

[2026-06-17 03:24:45] Processing 8171payment.pk
  - Error on attempt 1: [Errno 8] nodename nor servname provided, or not known

[2026-06-17 03:24:45] PERMANENTLY FAILED: 8171payment.pk
  - Attempts: 1/2
  - Final Error: [Errno 8] nodename nor servname provided, or not known

[2026-06-17 03:24:45] Processing 8171official.pk
  - Error on attempt 1: [Errno 8] nodename nor servname provided, or not known

[2026-06-17 03:24:45] PERMANENTLY FAILED: 8171official.pk
  - Attempts: 1/2
  - Final Error: [Errno 8] nodename nor servname provided, or not known

[2026-06-17 03:24:45] Processing 8171onlinecheck.pk
  - Error on attempt 1: [Errno 8] nodename nor servname provided, or not known

[2026-06-17 03:24:45] PERMANENTLY FAILED: 8171onlinecheck.pk
  - Attempts: 1/2
  - Final Error: [Errno 8] nodename nor servname provided, or not known

[2026-06-17 03:24:45] Processing 8171update.pk
  - Error on attempt 1: [Errno 8] nodename nor servname provided, or not known

[2026-06-17 03:24:45] PERMANENTLY FAILED: 8171update.pk
  - Attempts: 1/2
  - Final Error: [Errno 8] nodename nor servname provided, or not known

[2026-06-17 03:24:45] Processing 818realtors.pk
  - Error on attempt 1: [Errno 8] nodename nor servname provided, or not known

[2026-06-17 03:24:45] PERMANENTLY FAILED: 818realtors.pk
  - Attempts: 1/2
  - Final Error: [Errno 8] nodename nor servname provided, or not known

[2026-06-17 03:24:45] Processing 2014.aeo.com.pk
  - Error on attempt 1: [SSL: TLSV1_ALERT_INTERNAL_ERROR] tlsv1 alert internal error (_ssl.c:1006)

[2026-06-17 03:24:45] PERMANENTLY FAILED: 2014.aeo.com.pk
  - Attempts: 1/2
  - Final Error: [SSL: TLSV1_ALERT_INTERNAL_ERROR] tlsv1 alert internal error (_ssl.c:1006)

[2026-06-17 03:24:45] Processing 9needles.pk
  - Error on attempt 1: [Errno 8] nodename nor servname provided, or not known

[2026-06-17 03:24:45] PERMANENTLY FAILED: 9needles.pk
  - Attempts: 1/2
  - Final Error: [Errno 8] nodename nor servname provided, or not known

[2026-06-17 03:24:46] Processing a.cricketpakistan.pk
  - Error on attempt 1: [Errno 8] nodename nor servname provided, or not known

[2026-06-17 03:24:46] PERMANENTLY FAILED: a.cricketpakistan.pk
  - Attempts: 1/2
  - Final Error: [Errno 8] nodename nor servname provided, or not known

[2026-06-17 03:24:46] Processing aaengineers.pk
  - Error on attempt 1: [Errno 8] nodename nor servname provided, or not known

[2026-06-17 03:24:46] PERMANENTLY FAILED: aaengineers.pk
  - Attempts: 1/2
  - Final Error: [Errno 8] nodename nor servname provided, or not known

[2026-06-17 03:24:46] Processing aaida.pk
  - Error on attempt 1: [Errno 8] nodename nor servname provided, or not known

[2026-06-17 03:24:46] PERMANENTLY FAILED: aaida.pk
  - Attempts: 1/2
  - Final Error: [Errno 8] nodename nor servname provided, or not known

[2026-06-17 03:24:46] Processing aads.com.pk
  - Error on attempt 1: [Errno 8] nodename nor servname provided, or not known

[2026-06-17 03:24:46] PERMANENTLY FAILED: aads.com.pk
  - Attempts: 1/2
  - Final Error: [Errno 8] nodename nor servname provided, or not known

[2026-06-17 03:24:46] Processing 92pakk.com.pk
  - Error on attempt 1: [Errno 8] nodename nor servname provided, or not known

[2026-06-17 03:24:46] PERMANENTLY FAILED: 92pakk.com.pk
  - Attempts: 1/2
  - Final Error: [Errno 8] nodename nor servname provided, or not known

[2026-06-17 03:24:46] Processing aaengineering.pk
  - Error on attempt 1: [Errno 8] nodename nor servname provided, or not known

[2026-06-17 03:24:47] PERMANENTLY FAILED: aaengineering.pk
  - Attempts: 1/2
  - Final Error: [Errno 8] nodename nor servname provided, or not known

[2026-06-17 03:24:47] Processing aaphealth.gos.pk
  - Error on attempt 1: [Errno 8] nodename nor servname provided, or not known

[2026-06-17 03:24:47] PERMANENTLY FAILED: aaphealth.gos.pk
  - Attempts: 1/2
  - Final Error: [Errno 8] nodename nor servname provided, or not known

[2026-06-17 03:24:47] Processing aaexports.com.pk
  - Error on attempt 1: [Errno 8] nodename nor servname provided, or not known

[2026-06-17 03:24:47] PERMANENTLY FAILED: aaexports.com.pk
  - Attempts: 1/2
  - Final Error: [Errno 8] nodename nor servname provided, or not known

[2026-06-17 03:24:47] Processing aaifamily.pk
  - Error on attempt 1: [Errno 8] nodename nor servname provided, or not known

[2026-06-17 03:24:47] PERMANENTLY FAILED: aaifamily.pk
  - Attempts: 1/2
  - Final Error: [Errno 8] nodename nor servname provided, or not known

[2026-06-17 03:24:47] Processing aaish.pk
  - Error on attempt 1: [Errno 8] nodename nor servname provided, or not known

[2026-06-17 03:24:47] PERMANENTLY FAILED: aaish.pk
  - Attempts: 1/2
  - Final Error: [Errno 8] nodename nor servname provided, or not known

[2026-06-17 03:24:47] Processing aarsh.getlow.pk
  - Error on attempt 1: [Errno 8] nodename nor servname provided, or not known

[2026-06-17 03:24:47] PERMANENTLY FAILED: aarsh.getlow.pk
  - Attempts: 1/2
  - Final Error: [Errno 8] nodename nor servname provided, or not known

[2026-06-17 03:24:47] Processing abduljabbar.pk
  - Error on attempt 1: [Errno 8] nodename nor servname provided, or not known

[2026-06-17 03:24:47] PERMANENTLY FAILED: abduljabbar.pk
  - Attempts: 1/2
  - Final Error: [Errno 8] nodename nor servname provided, or not known

[2026-06-17 03:24:47] Processing abdullahenterprises.pk
  - Error on attempt 1: [Errno 8] nodename nor servname provided, or not known

[2026-06-17 03:24:47] PERMANENTLY FAILED: abdullahenterprises.pk
  - Attempts: 1/2
  - Final Error: [Errno 8] nodename nor servname provided, or not known

[2026-06-17 03:24:47] Processing aapconstruction.pk
  - Error on attempt 1: [Errno 8] nodename nor servname provided, or not known

[2026-06-17 03:24:47] PERMANENTLY FAILED: aapconstruction.pk
  - Attempts: 1/2
  - Final Error: [Errno 8] nodename nor servname provided, or not known

[2026-06-17 03:24:47] Processing abidkhurram.com.pk
  - Error on attempt 1: [Errno 8] nodename nor servname provided, or not known

[2026-06-17 03:24:47] PERMANENTLY FAILED: abidkhurram.com.pk
  - Attempts: 1/2
  - Final Error: [Errno 8] nodename nor servname provided, or not known

[2026-06-17 03:24:48] Processing about.patari.pk
  - Error on attempt 1: [Errno 8] nodename nor servname provided, or not known

[2026-06-17 03:24:48] PERMANENTLY FAILED: about.patari.pk
  - Attempts: 1/2
  - Final Error: [Errno 8] nodename nor servname provided, or not known

[2026-06-17 03:24:48] Processing abbottabadcampus.fscs.pk
  - Error on attempt 1: [Errno 8] nodename nor servname provided, or not known

[2026-06-17 03:24:48] PERMANENTLY FAILED: abbottabadcampus.fscs.pk
  - Attempts: 1/2
  - Final Error: [Errno 8] nodename nor servname provided, or not known

[2026-06-17 03:24:48] Processing aapp.arwaj.com.pk
  - Error on attempt 1: [Errno 8] nodename nor servname provided, or not known

[2026-06-17 03:24:48] PERMANENTLY FAILED: aapp.arwaj.com.pk
  - Attempts: 1/2
  - Final Error: [Errno 8] nodename nor servname provided, or not known

[2026-06-17 03:24:48] Processing abacity.com.pk
  - Error on attempt 1: [Errno 8] nodename nor servname provided, or not known

[2026-06-17 03:24:48] PERMANENTLY FAILED: abacity.com.pk
  - Attempts: 1/2
  - Final Error: [Errno 8] nodename nor servname provided, or not known

[2026-06-17 03:24:48] Processing abacus-institute.edu.pk
  - Error on attempt 1: [Errno 8] nodename nor servname provided, or not known

[2026-06-17 03:24:48] PERMANENTLY FAILED: abacus-institute.edu.pk
  - Attempts: 1/2
  - Final Error: [Errno 8] nodename nor servname provided, or not known

[2026-06-17 03:24:48] Processing acadmissions.muet.edu.pk
  - Error on attempt 1: [Errno 8] nodename nor servname provided, or not known

[2026-06-17 03:24:48] PERMANENTLY FAILED: acadmissions.muet.edu.pk
  - Attempts: 1/2
  - Final Error: [Errno 8] nodename nor servname provided, or not known

[2026-06-17 03:24:48] Processing abd.arshad.pk
  - Error on attempt 1: [SSL: TLSV1_ALERT_INTERNAL_ERROR] tlsv1 alert internal error (_ssl.c:1006)

[2026-06-17 03:24:48] PERMANENTLY FAILED: abd.arshad.pk
  - Attempts: 1/2
  - Final Error: [SSL: TLSV1_ALERT_INTERNAL_ERROR] tlsv1 alert internal error (_ssl.c:1006)

[2026-06-17 03:24:48] Processing academy.bls.com.pk
  - Error on attempt 1: [Errno 61] Connection refused

[2026-06-17 03:24:48] PERMANENTLY FAILED: academy.bls.com.pk
  - Attempts: 1/2
  - Final Error: [Errno 61] Connection refused

[2026-06-17 03:24:49] Processing ac.pk
  - Error on attempt 1: [Errno 8] nodename nor servname provided, or not known

[2026-06-17 03:24:49] PERMANENTLY FAILED: ac.pk
  - Attempts: 1/2
  - Final Error: [Errno 8] nodename nor servname provided, or not known

[2026-06-17 03:24:49] Processing academy.etea.pk
  - Error on attempt 1: [Errno 8] nodename nor servname provided, or not known

[2026-06-17 03:24:49] PERMANENTLY FAILED: academy.etea.pk
  - Attempts: 1/2
  - Final Error: [Errno 8] nodename nor servname provided, or not known

[2026-06-17 03:24:49] Processing access.rspn.pk
  - Error on attempt 1: [Errno 8] nodename nor servname provided, or not known

[2026-06-17 03:24:49] PERMANENTLY FAILED: access.rspn.pk
  - Attempts: 1/2
  - Final Error: [Errno 8] nodename nor servname provided, or not known

[2026-06-17 03:24:49] Processing accounts.landmarketing.com.pk
  - Error on attempt 1: [Errno 8] nodename nor servname provided, or not known

[2026-06-17 03:24:49] PERMANENTLY FAILED: accounts.landmarketing.com.pk
  - Attempts: 1/2
  - Final Error: [Errno 8] nodename nor servname provided, or not known

[2026-06-17 03:24:50] Processing aclass.pk
  - Error on attempt 1: [Errno 8] nodename nor servname provided, or not known

[2026-06-17 03:24:50] PERMANENTLY FAILED: aclass.pk
  - Attempts: 1/2
  - Final Error: [Errno 8] nodename nor servname provided, or not known

[2026-06-17 03:24:50] Processing actshopfb.zong.com.pk
  - Error on attempt 1: [Errno 8] nodename nor servname provided, or not known

[2026-06-17 03:24:50] PERMANENTLY FAILED: actshopfb.zong.com.pk
  - Attempts: 1/2
  - Final Error: [Errno 8] nodename nor servname provided, or not known

[2026-06-17 03:24:50] Processing adapter-webui-secure-chatbot.apps.icp4app.jazz.com.pk
  - Error on attempt 1: [Errno 8] nodename nor servname provided, or not known

[2026-06-17 03:24:50] PERMANENTLY FAILED: adapter-webui-secure-chatbot.apps.icp4app.jazz.com.pk
  - Attempts: 1/2
  - Final Error: [Errno 8] nodename nor servname provided, or not known

[2026-06-17 03:24:51] Processing admin.amplefurniture.pk
  - Error on attempt 1: [Errno 8] nodename nor servname provided, or not known

[2026-06-17 03:24:51] PERMANENTLY FAILED: admin.amplefurniture.pk
  - Attempts: 1/2
  - Final Error: [Errno 8] nodename nor servname provided, or not known

[2026-06-17 03:24:51] Processing admin.cvmaker.pk
  - Error on attempt 1: [Errno 8] nodename nor servname provided, or not known

[2026-06-17 03:24:51] PERMANENTLY FAILED: admin.cvmaker.pk
  - Attempts: 1/2
  - Final Error: [Errno 8] nodename nor servname provided, or not known

[2026-06-17 03:24:51] Processing admin.bikjaa.pk
  - Error on attempt 1: [Errno 8] nodename nor servname provided, or not known

[2026-06-17 03:24:51] PERMANENTLY FAILED: admin.bikjaa.pk
  - Attempts: 1/2
  - Final Error: [Errno 8] nodename nor servname provided, or not known

[2026-06-17 03:24:51] Processing admin.insafacademy.pctb.pk
  - Error on attempt 1: [Errno 8] nodename nor servname provided, or not known

[2026-06-17 03:24:51] PERMANENTLY FAILED: admin.insafacademy.pctb.pk
  - Attempts: 1/2
  - Final Error: [Errno 8] nodename nor servname provided, or not known

[2026-06-17 03:24:51] Processing admin.faizy.pk
  - Error on attempt 1: [Errno 8] nodename nor servname provided, or not known

[2026-06-17 03:24:51] PERMANENTLY FAILED: admin.faizy.pk
  - Attempts: 1/2
  - Final Error: [Errno 8] nodename nor servname provided, or not known

[2026-06-17 03:24:51] Processing admin.maps.edu.pk
  - Error on attempt 1: [Errno 54] Connection reset by peer

[2026-06-17 03:24:51] PERMANENTLY FAILED: admin.maps.edu.pk
  - Attempts: 1/2
  - Final Error: [Errno 54] Connection reset by peer

[2026-06-17 03:24:51] Processing admin.pbc.gov.pk
  - Error on attempt 1: [Errno 8] nodename nor servname provided, or not known

[2026-06-17 03:24:51] PERMANENTLY FAILED: admin.pbc.gov.pk
  - Attempts: 1/2
  - Final Error: [Errno 8] nodename nor servname provided, or not known

[2026-06-17 03:24:52] Processing admin.premed.pk
  - Error on attempt 1: [Errno 8] nodename nor servname provided, or not known

[2026-06-17 03:24:52] PERMANENTLY FAILED: admin.premed.pk
  - Attempts: 1/2
  - Final Error: [Errno 8] nodename nor servname provided, or not known

[2026-06-17 03:24:52] Processing admin.sastatareen.pk
  - Error on attempt 1: [Errno 8] nodename nor servname provided, or not known

[2026-06-17 03:24:52] Processing aamir.com.pk
  - Error on attempt 1: [Errno 8] nodename nor servname provided, or not known

[2026-06-17 03:24:52] PERMANENTLY FAILED: admin.sastatareen.pk
  - Attempts: 1/2
  - Final Error: [Errno 8] nodename nor servname provided, or not known

[2026-06-17 03:24:52] PERMANENTLY FAILED: aamir.com.pk
  - Attempts: 1/2
  - Final Error: [Errno 8] nodename nor servname provided, or not known

[2026-06-17 03:24:52] Processing admin.siyaahat.pk
  - Error on attempt 1: [Errno 8] nodename nor servname provided, or not known

[2026-06-17 03:24:52] PERMANENTLY FAILED: admin.siyaahat.pk
  - Attempts: 1/2
  - Final Error: [Errno 8] nodename nor servname provided, or not known

[2026-06-17 03:24:52] Processing admin.webbystoress.pk
  - Error on attempt 1: [Errno 8] nodename nor servname provided, or not known

[2026-06-17 03:24:52] PERMANENTLY FAILED: admin.webbystoress.pk
  - Attempts: 1/2
  - Final Error: [Errno 8] nodename nor servname provided, or not known

[2026-06-17 03:24:52] Processing admin.techyard.pk
  - Error on attempt 1: [Errno 8] nodename nor servname provided, or not known

[2026-06-17 03:24:52] PERMANENTLY FAILED: admin.techyard.pk
  - Attempts: 1/2
  - Final Error: [Errno 8] nodename nor servname provided, or not known

[2026-06-17 03:24:53] Processing adminer.trionex.pk
  - Error on attempt 1: [Errno 8] nodename nor servname provided, or not known

[2026-06-17 03:24:53] PERMANENTLY FAILED: adminer.trionex.pk
  - Attempts: 1/2
  - Final Error: [Errno 8] nodename nor servname provided, or not known

[2026-06-17 03:24:54] Processing admissions.iuk.edu.pk
  - Error on attempt 1: [Errno 8] nodename nor servname provided, or not known

[2026-06-17 03:24:54] PERMANENTLY FAILED: admissions.iuk.edu.pk
  - Attempts: 1/2
  - Final Error: [Errno 8] nodename nor servname provided, or not known

[2026-06-17 03:24:55] Processing 1click.pk
  - Error on attempt 1: Connection Timed Out

[2026-06-17 03:24:55] PERMANENTLY FAILED: 1click.pk
  - Attempts: 1/2
  - Final Error: Connection Timed Out

[2026-06-17 03:24:55] Processing 8171-webportal.pk
  - Error on attempt 1: Connection Timed Out

[2026-06-17 03:24:55] PERMANENTLY FAILED: 8171-webportal.pk
  - Attempts: 1/2
  - Final Error: Connection Timed Out

[2026-06-17 03:24:55] Processing admissions.sbbuvas.edu.pk
  - Error on attempt 1: [Errno 8] nodename nor servname provided, or not known

[2026-06-17 03:24:55] PERMANENTLY FAILED: admissions.sbbuvas.edu.pk
  - Attempts: 1/2
  - Final Error: [Errno 8] nodename nor servname provided, or not known

[2026-06-17 03:24:55] Processing access.mabl.pk
  - Error on attempt 1: [Errno 51] Network is unreachable

[2026-06-17 03:24:55] PERMANENTLY FAILED: access.mabl.pk
  - Attempts: 1/2
  - Final Error: [Errno 51] Network is unreachable

[2026-06-17 03:24:55] Processing admissions1.duhs.edu.pk
  - Error on attempt 1: [Errno 8] nodename nor servname provided, or not known

[2026-06-17 03:24:55] PERMANENTLY FAILED: admissions1.duhs.edu.pk
  - Attempts: 1/2
  - Final Error: [Errno 8] nodename nor servname provided, or not known

[2026-06-17 03:24:55] Processing admissionsold.awkum.edu.pk
  - Error on attempt 1: [Errno 8] nodename nor servname provided, or not known

[2026-06-17 03:24:55] PERMANENTLY FAILED: admissionsold.awkum.edu.pk
  - Attempts: 1/2
  - Final Error: [Errno 8] nodename nor servname provided, or not known

[2026-06-17 03:24:55] Processing ads.innobrains.pk
  - Error on attempt 1: [Errno 8] nodename nor servname provided, or not known

[2026-06-17 03:24:55] PERMANENTLY FAILED: ads.innobrains.pk
  - Attempts: 1/2
  - Final Error: [Errno 8] nodename nor servname provided, or not known

[2026-06-17 03:24:55] Processing adopak.org.pk
  - Error on attempt 1: [Errno 8] nodename nor servname provided, or not known

[2026-06-17 03:24:55] PERMANENTLY FAILED: adopak.org.pk
  - Attempts: 1/2
  - Final Error: [Errno 8] nodename nor servname provided, or not known

[2026-06-17 03:24:55] Processing adology.pk
  - Error on attempt 1: [Errno 8] nodename nor servname provided, or not known

[2026-06-17 03:24:55] PERMANENTLY FAILED: adology.pk
  - Attempts: 1/2
  - Final Error: [Errno 8] nodename nor servname provided, or not known

[2026-06-17 03:24:56] Processing adv.iportal.pk
  - Error on attempt 1: [Errno 8] nodename nor servname provided, or not known

[2026-06-17 03:24:56] PERMANENTLY FAILED: adv.iportal.pk
  - Attempts: 1/2
  - Final Error: [Errno 8] nodename nor servname provided, or not known

[2026-06-17 03:24:56] Processing advengers.pk
  - Error on attempt 1: [Errno 8] nodename nor servname provided, or not known

[2026-06-17 03:24:56] PERMANENTLY FAILED: advengers.pk
  - Attempts: 1/2
  - Final Error: [Errno 8] nodename nor servname provided, or not known

[2026-06-17 03:24:56] Processing ae1.gerrys.com.pk
  - Error on attempt 1: [Errno 61] Connection refused

[2026-06-17 03:24:56] PERMANENTLY FAILED: ae1.gerrys.com.pk
  - Attempts: 1/2
  - Final Error: [Errno 61] Connection refused

[2026-06-17 03:24:56] Processing aec-inc.pk
  - Error on attempt 1: [Errno 8] nodename nor servname provided, or not known

[2026-06-17 03:24:56] PERMANENTLY FAILED: aec-inc.pk
  - Attempts: 1/2
  - Final Error: [Errno 8] nodename nor servname provided, or not known

[2026-06-17 03:24:57] Processing affiliate.nexgenshop.pk
  - Error on attempt 1: [Errno 8] nodename nor servname provided, or not known

[2026-06-17 03:24:57] PERMANENTLY FAILED: affiliate.nexgenshop.pk
  - Attempts: 1/2
  - Final Error: [Errno 8] nodename nor servname provided, or not known

[2026-06-17 03:24:57] Processing aafw.easy365.pk
  - Error on attempt 1: Connection Timed Out

[2026-06-17 03:24:57] PERMANENTLY FAILED: aafw.easy365.pk
  - Attempts: 1/2
  - Final Error: Connection Timed Out

[2026-06-17 03:24:57] Processing afp.com.pk
  - Error on attempt 1: [Errno 8] nodename nor servname provided, or not known

[2026-06-17 03:24:57] PERMANENTLY FAILED: afp.com.pk
  - Attempts: 1/2
  - Final Error: [Errno 8] nodename nor servname provided, or not known

[2026-06-17 03:24:57] Processing aerowhatsapp.com.pk
  - Error on attempt 1: [Errno 8] nodename nor servname provided, or not known

[2026-06-17 03:24:57] PERMANENTLY FAILED: aerowhatsapp.com.pk
  - Attempts: 1/2
  - Final Error: [Errno 8] nodename nor servname provided, or not known

[2026-06-17 03:24:57] Processing afes.edu.pk
  - Error on attempt 1: [Errno 8] nodename nor servname provided, or not known

[2026-06-17 03:24:57] PERMANENTLY FAILED: afes.edu.pk
  - Attempts: 1/2
  - Final Error: [Errno 8] nodename nor servname provided, or not known

[2026-06-17 03:24:57] Processing afforestation.pk
  - Error on attempt 1: [Errno 8] nodename nor servname provided, or not known

[2026-06-17 03:24:57] PERMANENTLY FAILED: afforestation.pk
  - Attempts: 1/2
  - Final Error: [Errno 8] nodename nor servname provided, or not known

[2026-06-17 03:24:57] Processing abdulaleemkhanfoundation.com.pk
  - Error on attempt 1: Connection Timed Out

[2026-06-17 03:24:57] PERMANENTLY FAILED: abdulaleemkhanfoundation.com.pk
  - Attempts: 1/2
  - Final Error: Connection Timed Out

[2026-06-17 03:24:58] Processing agahi.org.pk
  - Error on attempt 1: [Errno 8] nodename nor servname provided, or not known

[2026-06-17 03:24:58] PERMANENTLY FAILED: agahi.org.pk
  - Attempts: 1/2
  - Final Error: [Errno 8] nodename nor servname provided, or not known

[2026-06-17 03:24:58] Processing agrisarsabzfertilizersandchemicals.com.pk
  - Error on attempt 1: [Errno 8] nodename nor servname provided, or not known

[2026-06-17 03:24:58] PERMANENTLY FAILED: agrisarsabzfertilizersandchemicals.com.pk
  - Attempts: 1/2
  - Final Error: [Errno 8] nodename nor servname provided, or not known

[2026-06-17 03:24:58] Processing ahan.org.pk
  - Error on attempt 1: [Errno 8] nodename nor servname provided, or not known

[2026-06-17 03:24:58] PERMANENTLY FAILED: ahan.org.pk
  - Attempts: 1/2
  - Final Error: [Errno 8] nodename nor servname provided, or not known

[2026-06-17 03:24:58] Processing ahbelectronics.pk
  - Error on attempt 1: [Errno 8] nodename nor servname provided, or not known

[2026-06-17 03:24:58] PERMANENTLY FAILED: ahbelectronics.pk
  - Attempts: 1/2
  - Final Error: [Errno 8] nodename nor servname provided, or not known

[2026-06-17 03:24:58] Processing ahlan.pk
  - Error on attempt 1: [Errno 8] nodename nor servname provided, or not known

[2026-06-17 03:24:58] PERMANENTLY FAILED: ahlan.pk
  - Attempts: 1/2
  - Final Error: [Errno 8] nodename nor servname provided, or not known

[2026-06-17 03:24:59] Processing aihcommunication.net.pk
  - Error on attempt 1: [Errno 8] nodename nor servname provided, or not known

[2026-06-17 03:24:59] PERMANENTLY FAILED: aihcommunication.net.pk
  - Attempts: 1/2
  - Final Error: [Errno 8] nodename nor servname provided, or not known

[2026-06-17 03:24:59] Processing aibtech.edu.pk
  - Error on attempt 1: [Errno 8] nodename nor servname provided, or not known

[2026-06-17 03:24:59] PERMANENTLY FAILED: aibtech.edu.pk
  - Attempts: 1/2
  - Final Error: [Errno 8] nodename nor servname provided, or not known

[2026-06-17 03:24:59] Processing accesson.pk
  - Error on attempt 1: Connection Timed Out

[2026-06-17 03:24:59] PERMANENTLY FAILED: accesson.pk
  - Attempts: 1/2
  - Final Error: Connection Timed Out

[2026-06-17 03:24:59] Processing ailaan.pk
  - Error on attempt 1: [Errno 8] nodename nor servname provided, or not known

[2026-06-17 03:24:59] PERMANENTLY FAILED: ailaan.pk
  - Attempts: 1/2
  - Final Error: [Errno 8] nodename nor servname provided, or not known

[2026-06-17 03:25:00] Processing ajkcoe.com.pk
  - Error on attempt 1: [Errno 8] nodename nor servname provided, or not known

[2026-06-17 03:25:00] PERMANENTLY FAILED: ajkcoe.com.pk
  - Attempts: 1/2
  - Final Error: [Errno 8] nodename nor servname provided, or not known

[2026-06-17 03:25:00] Processing ajfoundation.mgs.edu.pk
  - Error on attempt 1: [Errno 8] nodename nor servname provided, or not known

[2026-06-17 03:25:00] PERMANENTLY FAILED: ajfoundation.mgs.edu.pk
  - Attempts: 1/2
  - Final Error: [Errno 8] nodename nor servname provided, or not known

[2026-06-17 03:25:00] Processing admin-dev-preview.takafulbazaar.com.pk
  - Error on attempt 1: Connection Timed Out

[2026-06-17 03:25:00] PERMANENTLY FAILED: admin-dev-preview.takafulbazaar.com.pk
  - Attempts: 1/2
  - Final Error: Connection Timed Out

[2026-06-17 03:25:01] Processing admin-dev.takafulbazaar.com.pk
  - Error on attempt 1: Connection Timed Out

[2026-06-17 03:25:01] PERMANENTLY FAILED: admin-dev.takafulbazaar.com.pk
  - Attempts: 1/2
  - Final Error: Connection Timed Out

[2026-06-17 03:25:01] Processing akhuwatloan.pk
  - Error on attempt 1: [Errno 8] nodename nor servname provided, or not known

[2026-06-17 03:25:01] PERMANENTLY FAILED: akhuwatloan.pk
  - Attempts: 1/2
  - Final Error: [Errno 8] nodename nor servname provided, or not known

[2026-06-17 03:25:01] Processing ajooba.pk
  - Error on attempt 1: [Errno 8] nodename nor servname provided, or not known

[2026-06-17 03:25:01] PERMANENTLY FAILED: ajooba.pk
  - Attempts: 1/2
  - Final Error: [Errno 8] nodename nor servname provided, or not known

[2026-06-17 03:25:01] Processing akru.pk
  - Error on attempt 1: [Errno 8] nodename nor servname provided, or not known

[2026-06-17 03:25:01] PERMANENTLY FAILED: akru.pk
  - Attempts: 1/2
  - Final Error: [Errno 8] nodename nor servname provided, or not known

[2026-06-17 03:25:01] Processing alawwal.pk
  - Error on attempt 1: [Errno 8] nodename nor servname provided, or not known

[2026-06-17 03:25:01] PERMANENTLY FAILED: alawwal.pk
  - Attempts: 1/2
  - Final Error: [Errno 8] nodename nor servname provided, or not known

[2026-06-17 03:25:02] Processing alert.zong.com.pk
  - Error on attempt 1: [Errno 8] nodename nor servname provided, or not known

[2026-06-17 03:25:02] PERMANENTLY FAILED: alert.zong.com.pk
  - Attempts: 1/2
  - Final Error: [Errno 8] nodename nor servname provided, or not known

[2026-06-17 03:25:02] Processing aleez.pk
  - Error on attempt 1: [Errno 8] nodename nor servname provided, or not known

[2026-06-17 03:25:02] PERMANENTLY FAILED: aleez.pk
  - Attempts: 1/2
  - Final Error: [Errno 8] nodename nor servname provided, or not known

[2026-06-17 03:25:02] Processing alfaisal.com.pk
  - Error on attempt 1: [Errno 8] nodename nor servname provided, or not known

[2026-06-17 03:25:02] PERMANENTLY FAILED: alfaisal.com.pk
  - Attempts: 1/2
  - Final Error: [Errno 8] nodename nor servname provided, or not known

[2026-06-17 03:25:02] Processing alhamd.consoft.com.pk
  - Error on attempt 1: [Errno 8] nodename nor servname provided, or not known

[2026-06-17 03:25:02] PERMANENTLY FAILED: alhamd.consoft.com.pk
  - Attempts: 1/2
  - Final Error: [Errno 8] nodename nor servname provided, or not known

[2026-06-17 03:25:02] Processing alhamdcollege.edu.pk
  - Error on attempt 1: [Errno 8] nodename nor servname provided, or not known

[2026-06-17 03:25:02] PERMANENTLY FAILED: alhamdcollege.edu.pk
  - Attempts: 1/2
  - Final Error: [Errno 8] nodename nor servname provided, or not known

[2026-06-17 03:25:02] Processing alifpakistan.pk
  - Error on attempt 1: [Errno 8] nodename nor servname provided, or not known

[2026-06-17 03:25:02] PERMANENTLY FAILED: alifpakistan.pk
  - Attempts: 1/2
  - Final Error: [Errno 8] nodename nor servname provided, or not known

[2026-06-17 03:25:03] Processing aliftech.pk
  - Error on attempt 1: [Errno 8] nodename nor servname provided, or not known

[2026-06-17 03:25:03] PERMANENTLY FAILED: aliftech.pk
  - Attempts: 1/2
  - Final Error: [Errno 8] nodename nor servname provided, or not known

[2026-06-17 03:25:03] Processing alkarimfabrics.pk
  - Error on attempt 1: [Errno 8] nodename nor servname provided, or not known

[2026-06-17 03:25:03] PERMANENTLY FAILED: alkarimfabrics.pk
  - Attempts: 1/2
  - Final Error: [Errno 8] nodename nor servname provided, or not known

[2026-06-17 03:25:03] Processing almiftah.azaan.com.pk
  - Error on attempt 1: [Errno 8] nodename nor servname provided, or not known

[2026-06-17 03:25:03] PERMANENTLY FAILED: almiftah.azaan.com.pk
  - Attempts: 1/2
  - Final Error: [Errno 8] nodename nor servname provided, or not known

[2026-06-17 03:25:03] Processing alnafaytraders.com.pk
  - Error on attempt 1: [Errno 8] nodename nor servname provided, or not known

[2026-06-17 03:25:03] PERMANENTLY FAILED: alnafaytraders.com.pk
  - Attempts: 1/2
  - Final Error: [Errno 8] nodename nor servname provided, or not known

[2026-06-17 03:25:03] Processing almishkat.pk
  - Error on attempt 1: [Errno 8] nodename nor servname provided, or not known

[2026-06-17 03:25:03] PERMANENTLY FAILED: almishkat.pk
  - Attempts: 1/2
  - Final Error: [Errno 8] nodename nor servname provided, or not known

[2026-06-17 03:25:04] Processing alpha.goonj.pk
  - Error on attempt 1: [Errno 8] nodename nor servname provided, or not known

[2026-06-17 03:25:04] PERMANENTLY FAILED: alpha.goonj.pk
  - Attempts: 1/2
  - Final Error: [Errno 8] nodename nor servname provided, or not known

[2026-06-17 03:25:04] Processing aloia.tekbar.pk
  - Error on attempt 1: [Errno 8] nodename nor servname provided, or not known

[2026-06-17 03:25:04] PERMANENTLY FAILED: aloia.tekbar.pk
  - Attempts: 1/2
  - Final Error: [Errno 8] nodename nor servname provided, or not known

[2026-06-17 03:25:04] Processing alphainsurancedigital.com.pk
  - Error on attempt 1: [Errno 8] nodename nor servname provided, or not known

[2026-06-17 03:25:04] PERMANENTLY FAILED: alphainsurancedigital.com.pk
  - Attempts: 1/2
  - Final Error: [Errno 8] nodename nor servname provided, or not known

[2026-06-17 03:25:04] Processing alpinefarms.com.pk
  - Error on attempt 1: [Errno 8] nodename nor servname provided, or not known

[2026-06-17 03:25:04] PERMANENTLY FAILED: alpinefarms.com.pk
  - Attempts: 1/2
  - Final Error: [Errno 8] nodename nor servname provided, or not known

[2026-06-17 03:25:04] Processing alumni.cuiatd.edu.pk
  - Error on attempt 1: [Errno 8] nodename nor servname provided, or not known

[2026-06-17 03:25:04] PERMANENTLY FAILED: alumni.cuiatd.edu.pk
  - Attempts: 1/2
  - Final Error: [Errno 8] nodename nor servname provided, or not known

[2026-06-17 03:25:04] Processing altiga.com.pk
  - Error on attempt 1: [Errno 8] nodename nor servname provided, or not known

[2026-06-17 03:25:04] PERMANENTLY FAILED: altiga.com.pk
  - Attempts: 1/2
  - Final Error: [Errno 8] nodename nor servname provided, or not known

[2026-06-17 03:25:04] Processing alwujood.pk
  - Error on attempt 1: [Errno 8] nodename nor servname provided, or not known

[2026-06-17 03:25:04] PERMANENTLY FAILED: alwujood.pk
  - Attempts: 1/2
  - Final Error: [Errno 8] nodename nor servname provided, or not known

[2026-06-17 03:25:05] Processing ameen.pk
  - Error on attempt 1: [Errno 8] nodename nor servname provided, or not known

[2026-06-17 03:25:05] PERMANENTLY FAILED: ameen.pk
  - Attempts: 1/2
  - Final Error: [Errno 8] nodename nor servname provided, or not known

[2026-06-17 03:25:05] Processing amirtraders.pk
  - Error on attempt 1: [Errno 8] nodename nor servname provided, or not known

[2026-06-17 03:25:05] PERMANENTLY FAILED: amirtraders.pk
  - Attempts: 1/2
  - Final Error: [Errno 8] nodename nor servname provided, or not known

[2026-06-17 03:25:05] Processing amis.pk
  - Error on attempt 1: [SSL: WRONG_VERSION_NUMBER] wrong version number (_ssl.c:1006)

[2026-06-17 03:25:05] PERMANENTLY FAILED: amis.pk
  - Attempts: 1/2
  - Final Error: [SSL: WRONG_VERSION_NUMBER] wrong version number (_ssl.c:1006)

[2026-06-17 03:25:05] Processing akseer.pk
  - Error on attempt 1: [Errno 8] nodename nor servname provided, or not known

[2026-06-17 03:25:05] PERMANENTLY FAILED: akseer.pk
  - Attempts: 1/2
  - Final Error: [Errno 8] nodename nor servname provided, or not known

[2026-06-17 03:25:05] Processing ams-host01.linux.net.pk
  - Error on attempt 1: [Errno 8] nodename nor servname provided, or not known

[2026-06-17 03:25:05] PERMANENTLY FAILED: ams-host01.linux.net.pk
  - Attempts: 1/2
  - Final Error: [Errno 8] nodename nor servname provided, or not known

[2026-06-17 03:25:05] Processing amsbc.pk
  - Error on attempt 1: [Errno 8] nodename nor servname provided, or not known

[2026-06-17 03:25:05] PERMANENTLY FAILED: amsbc.pk
  - Attempts: 1/2
  - Final Error: [Errno 8] nodename nor servname provided, or not known

[2026-06-17 03:25:06] Processing anabiya.pk
  - Error on attempt 1: [Errno 8] nodename nor servname provided, or not known

[2026-06-17 03:25:06] PERMANENTLY FAILED: anabiya.pk
  - Attempts: 1/2
  - Final Error: [Errno 8] nodename nor servname provided, or not known

[2026-06-17 03:25:06] Processing andalou.pk
  - Error on attempt 1: [Errno 8] nodename nor servname provided, or not known

[2026-06-17 03:25:06] PERMANENTLY FAILED: andalou.pk
  - Attempts: 1/2
  - Final Error: [Errno 8] nodename nor servname provided, or not known

[2026-06-17 03:25:06] Processing ang-uat-staging2.cba.com.pk
  - Error on attempt 1: [Errno 8] nodename nor servname provided, or not known

[2026-06-17 03:25:06] PERMANENTLY FAILED: ang-uat-staging2.cba.com.pk
  - Attempts: 1/2
  - Final Error: [Errno 8] nodename nor servname provided, or not known

[2026-06-17 03:25:06] Processing anicove.pk
  - Error on attempt 1: [Errno 8] nodename nor servname provided, or not known

[2026-06-17 03:25:06] PERMANENTLY FAILED: anicove.pk
  - Attempts: 1/2
  - Final Error: [Errno 8] nodename nor servname provided, or not known

[2026-06-17 03:25:06] Processing aegis.hamdard.com.pk
  - Error on attempt 1: Connection Timed Out

[2026-06-17 03:25:06] PERMANENTLY FAILED: aegis.hamdard.com.pk
  - Attempts: 1/2
  - Final Error: Connection Timed Out

[2026-06-17 03:25:06] Processing anfnorthregion.gov.pk
  - Error on attempt 1: [Errno 8] nodename nor servname provided, or not known

[2026-06-17 03:25:06] PERMANENTLY FAILED: anfnorthregion.gov.pk
  - Attempts: 1/2
  - Final Error: [Errno 8] nodename nor servname provided, or not known

[2026-06-17 03:25:07] Processing ansenterprises.com.pk
  - Error on attempt 1: [Errno 8] nodename nor servname provided, or not known

[2026-06-17 03:25:07] PERMANENTLY FAILED: ansenterprises.com.pk
  - Attempts: 1/2
  - Final Error: [Errno 8] nodename nor servname provided, or not known

[2026-06-17 03:25:07] Processing api-cms.deepo.pk
  - Error on attempt 1: [Errno 8] nodename nor servname provided, or not known

[2026-06-17 03:25:07] PERMANENTLY FAILED: api-cms.deepo.pk
  - Attempts: 1/2
  - Final Error: [Errno 8] nodename nor servname provided, or not known

[2026-06-17 03:25:07] Processing api-stg.amdan.pk
  - Error on attempt 1: [Errno 8] nodename nor servname provided, or not known

[2026-06-17 03:25:07] PERMANENTLY FAILED: api-stg.amdan.pk
  - Attempts: 1/2
  - Final Error: [Errno 8] nodename nor servname provided, or not known

[2026-06-17 03:25:07] Processing apexminerals.com.pk
  - Error on attempt 1: [Errno 8] nodename nor servname provided, or not known

[2026-06-17 03:25:07] PERMANENTLY FAILED: apexminerals.com.pk
  - Attempts: 1/2
  - Final Error: [Errno 8] nodename nor servname provided, or not known

[2026-06-17 03:25:07] Processing api.3dlifestyle.pk
  - Error on attempt 1: [Errno 8] nodename nor servname provided, or not known

[2026-06-17 03:25:07] PERMANENTLY FAILED: api.3dlifestyle.pk
  - Attempts: 1/2
  - Final Error: [Errno 8] nodename nor servname provided, or not known

[2026-06-17 03:25:07] Processing api.alb.farmdar.pk
  - Error on attempt 1: [Errno 8] nodename nor servname provided, or not known

[2026-06-17 03:25:07] PERMANENTLY FAILED: api.alb.farmdar.pk
  - Attempts: 1/2
  - Final Error: [Errno 8] nodename nor servname provided, or not known

[2026-06-17 03:25:07] Processing api.adventurediaries.pk
  - Error on attempt 1: [Errno 8] nodename nor servname provided, or not known

[2026-06-17 03:25:07] PERMANENTLY FAILED: api.adventurediaries.pk
  - Attempts: 1/2
  - Final Error: [Errno 8] nodename nor servname provided, or not known

[2026-06-17 03:25:07] Processing api.appgenii.people.com.pk
  - Error on attempt 1: [Errno 8] nodename nor servname provided, or not known

[2026-06-17 03:25:07] PERMANENTLY FAILED: api.appgenii.people.com.pk
  - Attempts: 1/2
  - Final Error: [Errno 8] nodename nor servname provided, or not known

[2026-06-17 03:25:08] Processing agency.considracare.pk
  - Error on attempt 1: Connection Timed Out

[2026-06-17 03:25:08] PERMANENTLY FAILED: agency.considracare.pk
  - Attempts: 1/2
  - Final Error: Connection Timed Out

[2026-06-17 03:25:08] Processing api.bikebazaar.pk
  - Error on attempt 1: [Errno 8] nodename nor servname provided, or not known

[2026-06-17 03:25:08] PERMANENTLY FAILED: api.bikebazaar.pk
  - Attempts: 1/2
  - Final Error: [Errno 8] nodename nor servname provided, or not known

[2026-06-17 03:25:08] Processing api.beloz.digidiv.pk
  - Error on attempt 1: [Errno 8] nodename nor servname provided, or not known

[2026-06-17 03:25:08] PERMANENTLY FAILED: api.beloz.digidiv.pk
  - Attempts: 1/2
  - Final Error: [Errno 8] nodename nor servname provided, or not known

[2026-06-17 03:25:08] Processing agromai-staging.farmdar.pk
  - Error on attempt 1: Connection Timed Out

[2026-06-17 03:25:08] PERMANENTLY FAILED: agromai-staging.farmdar.pk
  - Attempts: 1/2
  - Final Error: Connection Timed Out

[2026-06-17 03:25:08] Processing agrom.staging.farmdar.pk
  - Error on attempt 1: Connection Timed Out

[2026-06-17 03:25:08] PERMANENTLY FAILED: agrom.staging.farmdar.pk
  - Attempts: 1/2
  - Final Error: Connection Timed Out

[2026-06-17 03:25:08] Processing api.goldfin.com.pk
  - Error on attempt 1: [Errno 8] nodename nor servname provided, or not known

[2026-06-17 03:25:08] PERMANENTLY FAILED: api.goldfin.com.pk
  - Attempts: 1/2
  - Final Error: [Errno 8] nodename nor servname provided, or not known

[2026-06-17 03:25:08] Processing api.jarvis.pk
  - Error on attempt 1: [Errno 8] nodename nor servname provided, or not known

[2026-06-17 03:25:08] PERMANENTLY FAILED: api.jarvis.pk
  - Attempts: 1/2
  - Final Error: [Errno 8] nodename nor servname provided, or not known

[2026-06-17 03:25:08] Processing api.hissay.pk
  - Error on attempt 1: [Errno 61] Connection refused

[2026-06-17 03:25:08] PERMANENTLY FAILED: api.hissay.pk
  - Attempts: 1/2
  - Final Error: [Errno 61] Connection refused

[2026-06-17 03:25:09] Processing api.mezbaan.pk
  - Error on attempt 1: [Errno 8] nodename nor servname provided, or not known

[2026-06-17 03:25:09] PERMANENTLY FAILED: api.mezbaan.pk
  - Attempts: 1/2
  - Final Error: [Errno 8] nodename nor servname provided, or not known

[2026-06-17 03:25:09] Processing api.pryze.pk
  - Error on attempt 1: [Errno 8] nodename nor servname provided, or not known

[2026-06-17 03:25:09] PERMANENTLY FAILED: api.pryze.pk
  - Attempts: 1/2
  - Final Error: [Errno 8] nodename nor servname provided, or not known

[2026-06-17 03:25:09] Processing api.noagent.pk
  - Error on attempt 1: [Errno 8] nodename nor servname provided, or not known

[2026-06-17 03:25:09] PERMANENTLY FAILED: api.noagent.pk
  - Attempts: 1/2
  - Final Error: [Errno 8] nodename nor servname provided, or not known

[2026-06-17 03:25:09] Processing api.meidan.pk
  - Error on attempt 1: [Errno 8] nodename nor servname provided, or not known

[2026-06-17 03:25:09] PERMANENTLY FAILED: api.meidan.pk
  - Attempts: 1/2
  - Final Error: [Errno 8] nodename nor servname provided, or not known

[2026-06-17 03:25:09] Processing api.sierratextiles.com.pk
  - Error on attempt 1: [Errno 8] nodename nor servname provided, or not known

[2026-06-17 03:25:09] PERMANENTLY FAILED: api.sierratextiles.com.pk
  - Attempts: 1/2
  - Final Error: [Errno 8] nodename nor servname provided, or not known

[2026-06-17 03:25:09] Processing api.shipkardo.pk
  - Error on attempt 1: [Errno 54] Connection reset by peer

[2026-06-17 03:25:09] PERMANENTLY FAILED: api.shipkardo.pk
  - Attempts: 1/2
  - Final Error: [Errno 54] Connection reset by peer

[2026-06-17 03:25:09] Processing api.sadruddin.com.pk
  - Error on attempt 1: [Errno 8] nodename nor servname provided, or not known

[2026-06-17 03:25:09] PERMANENTLY FAILED: api.sadruddin.com.pk
  - Attempts: 1/2
  - Final Error: [Errno 8] nodename nor servname provided, or not known

[2026-06-17 03:25:09] Processing api.truckistan.pk
  - Error on attempt 1: [Errno 8] nodename nor servname provided, or not known

[2026-06-17 03:25:09] PERMANENTLY FAILED: api.truckistan.pk
  - Attempts: 1/2
  - Final Error: [Errno 8] nodename nor servname provided, or not known

[2026-06-17 03:25:09] Processing api.kaay.pk
  - Error on attempt 1: [Errno 8] nodename nor servname provided, or not known

[2026-06-17 03:25:09] PERMANENTLY FAILED: api.kaay.pk
  - Attempts: 1/2
  - Final Error: [Errno 8] nodename nor servname provided, or not known

[2026-06-17 03:25:09] Processing api.tuic.pk
  - Error on attempt 1: [Errno 8] nodename nor servname provided, or not known

[2026-06-17 03:25:09] PERMANENTLY FAILED: api.tuic.pk
  - Attempts: 1/2
  - Final Error: [Errno 8] nodename nor servname provided, or not known

[2026-06-17 03:25:09] Processing api.wapi.pk
  - Error on attempt 1: [Errno 8] nodename nor servname provided, or not known

[2026-06-17 03:25:09] PERMANENTLY FAILED: api.wapi.pk
  - Attempts: 1/2
  - Final Error: [Errno 8] nodename nor servname provided, or not known

[2026-06-17 03:25:11] Processing apis.jazz.com.pk
  - Error on attempt 1: [Errno 61] Connection refused

[2026-06-17 03:25:11] PERMANENTLY FAILED: apis.jazz.com.pk
  - Attempts: 1/2
  - Final Error: [Errno 61] Connection refused

[2026-06-17 03:25:11] Processing api.zong-cap.com.pk
  - Error on attempt 1: [Errno 8] nodename nor servname provided, or not known

[2026-06-17 03:25:11] PERMANENTLY FAILED: api.zong-cap.com.pk
  - Attempts: 1/2
  - Final Error: [Errno 8] nodename nor servname provided, or not known

[2026-06-17 03:25:11] Processing apim.zong.com.pk
  - Error on attempt 1: [Errno 8] nodename nor servname provided, or not known

[2026-06-17 03:25:11] PERMANENTLY FAILED: apim.zong.com.pk
  - Attempts: 1/2
  - Final Error: [Errno 8] nodename nor servname provided, or not known

[2026-06-17 03:25:11] Processing apicta.pk
  - Error on attempt 1: [Errno 8] nodename nor servname provided, or not known

[2026-06-17 03:25:11] PERMANENTLY FAILED: apicta.pk
  - Attempts: 1/2
  - Final Error: [Errno 8] nodename nor servname provided, or not known

[2026-06-17 03:25:11] Processing app.beta.farmdar.pk
  - Error on attempt 1: [SSL: UNEXPECTED_EOF_WHILE_READING] EOF occurred in violation of protocol (_ssl.c:1006)

[2026-06-17 03:25:11] PERMANENTLY FAILED: app.beta.farmdar.pk
  - Attempts: 1/2
  - Final Error: [SSL: UNEXPECTED_EOF_WHILE_READING] EOF occurred in violation of protocol (_ssl.c:1006)

[2026-06-17 03:25:13] Processing api.shadiyana.pk
  - Error on attempt 1: [Errno 8] nodename nor servname provided, or not known

[2026-06-17 03:25:13] PERMANENTLY FAILED: api.shadiyana.pk
  - Attempts: 1/2
  - Final Error: [Errno 8] nodename nor servname provided, or not known

[2026-06-17 03:25:13] Processing apnijob.pk
  - Error on attempt 1: [Errno 8] nodename nor servname provided, or not known

[2026-06-17 03:25:13] PERMANENTLY FAILED: apnijob.pk
  - Attempts: 1/2
  - Final Error: [Errno 8] nodename nor servname provided, or not known

[2026-06-17 03:25:13] Processing app.cokestudio.com.pk
  - Error on attempt 1: [Errno 8] nodename nor servname provided, or not known

[2026-06-17 03:25:13] PERMANENTLY FAILED: app.cokestudio.com.pk
  - Attempts: 1/2
  - Final Error: [Errno 8] nodename nor servname provided, or not known

[2026-06-17 03:25:13] Processing app.epw.gov.pk
  - Error on attempt 1: [Errno 8] nodename nor servname provided, or not known

[2026-06-17 03:25:13] PERMANENTLY FAILED: app.epw.gov.pk
  - Attempts: 1/2
  - Final Error: [Errno 8] nodename nor servname provided, or not known

[2026-06-17 03:25:13] Processing app.flymeal.pk
  - Error on attempt 1: [Errno 8] nodename nor servname provided, or not known

[2026-06-17 03:25:13] PERMANENTLY FAILED: app.flymeal.pk
  - Attempts: 1/2
  - Final Error: [Errno 8] nodename nor servname provided, or not known

[2026-06-17 03:25:13] Processing app.exam360.pk
  - Error on attempt 1: [Errno 8] nodename nor servname provided, or not known

[2026-06-17 03:25:13] PERMANENTLY FAILED: app.exam360.pk
  - Attempts: 1/2
  - Final Error: [Errno 8] nodename nor servname provided, or not known

[2026-06-17 03:25:13] Processing apnahero.pk
  - Error on attempt 1: [Errno 8] nodename nor servname provided, or not known

[2026-06-17 03:25:13] PERMANENTLY FAILED: apnahero.pk
  - Attempts: 1/2
  - Final Error: [Errno 8] nodename nor servname provided, or not known

[2026-06-17 03:25:13] Processing app.myapt.pk
  - Error on attempt 1: [Errno 8] nodename nor servname provided, or not known

[2026-06-17 03:25:13] PERMANENTLY FAILED: app.myapt.pk
  - Attempts: 1/2
  - Final Error: [Errno 8] nodename nor servname provided, or not known

[2026-06-17 03:25:13] Processing app.mulphico.pk
  - Error on attempt 1: [Errno 8] nodename nor servname provided, or not known

[2026-06-17 03:25:13] PERMANENTLY FAILED: app.mulphico.pk
  - Attempts: 1/2
  - Final Error: [Errno 8] nodename nor servname provided, or not known

[2026-06-17 03:25:13] Processing app.getsub.com.pk
  - Error on attempt 1: [Errno 8] nodename nor servname provided, or not known

[2026-06-17 03:25:13] PERMANENTLY FAILED: app.getsub.com.pk
  - Attempts: 1/2
  - Final Error: [Errno 8] nodename nor servname provided, or not known

[2026-06-17 03:25:14] Processing app.swagkicks.pk
  - Error on attempt 1: [Errno 8] nodename nor servname provided, or not known

[2026-06-17 03:25:14] PERMANENTLY FAILED: app.swagkicks.pk
  - Attempts: 1/2
  - Final Error: [Errno 8] nodename nor servname provided, or not known

[2026-06-17 03:25:14] Processing apply.iec.org.pk
  - Error on attempt 1: [Errno 8] nodename nor servname provided, or not known

[2026-06-17 03:25:14] PERMANENTLY FAILED: apply.iec.org.pk
  - Attempts: 1/2
  - Final Error: [Errno 8] nodename nor servname provided, or not known

[2026-06-17 03:25:14] Processing apply.socialwelfare.gob.pk
  - Error on attempt 1: [Errno 8] nodename nor servname provided, or not known

[2026-06-17 03:25:14] PERMANENTLY FAILED: apply.socialwelfare.gob.pk
  - Attempts: 1/2
  - Final Error: [Errno 8] nodename nor servname provided, or not known

[2026-06-17 03:25:15] Processing apps.lnh.edu.pk
  - Error on attempt 1: [Errno 8] nodename nor servname provided, or not known

[2026-06-17 03:25:15] PERMANENTLY FAILED: apps.lnh.edu.pk
  - Attempts: 1/2
  - Final Error: [Errno 8] nodename nor servname provided, or not known

[2026-06-17 03:25:15] Processing apps.flexifee.pk
  - Error on attempt 1: [Errno 8] nodename nor servname provided, or not known

[2026-06-17 03:25:15] PERMANENTLY FAILED: apps.flexifee.pk
  - Attempts: 1/2
  - Final Error: [Errno 8] nodename nor servname provided, or not known

[2026-06-17 03:25:15] Processing app.sparklab.pk
  - Error on attempt 1: [Errno 8] nodename nor servname provided, or not known

[2026-06-17 03:25:15] PERMANENTLY FAILED: app.sparklab.pk
  - Attempts: 1/2
  - Final Error: [Errno 8] nodename nor servname provided, or not known

[2026-06-17 03:25:16] Processing animalz.pk
  - Error on attempt 1: Connection Timed Out

[2026-06-17 03:25:16] PERMANENTLY FAILED: animalz.pk
  - Attempts: 1/2
  - Final Error: Connection Timed Out

[2026-06-17 03:25:17] Processing api.aftchm.pk
  - Error on attempt 1: Connection Timed Out

[2026-06-17 03:25:17] PERMANENTLY FAILED: api.aftchm.pk
  - Attempts: 1/2
  - Final Error: Connection Timed Out

[2026-06-17 03:25:18] Processing api.dma.gov.pk
  - Error on attempt 1: Connection Timed Out

[2026-06-17 03:25:18] PERMANENTLY FAILED: api.dma.gov.pk
  - Attempts: 1/2
  - Final Error: Connection Timed Out

[2026-06-17 03:25:18] Processing api.ghadeeri.pk
  - Error on attempt 1: Connection Timed Out

[2026-06-17 03:25:18] PERMANENTLY FAILED: api.ghadeeri.pk
  - Attempts: 1/2
  - Final Error: Connection Timed Out

[2026-06-17 03:25:18] Processing api.innovasolutions.pk
  - Error on attempt 1: Connection Timed Out

[2026-06-17 03:25:18] PERMANENTLY FAILED: api.innovasolutions.pk
  - Attempts: 1/2
  - Final Error: Connection Timed Out

[2026-06-17 03:25:19] Processing api.portal.farmdar.pk
  - Error on attempt 1: Connection Timed Out

[2026-06-17 03:25:19] PERMANENTLY FAILED: api.portal.farmdar.pk
  - Attempts: 1/2
  - Final Error: Connection Timed Out

[2026-06-17 03:25:21] Processing app-api.clicky.pk
  - Error on attempt 1: Connection Timed Out

[2026-06-17 03:25:21] PERMANENTLY FAILED: app-api.clicky.pk
  - Attempts: 1/2
  - Final Error: Connection Timed Out

[2026-06-17 03:25:21] Processing app.alfatah.pk
  - Error on attempt 1: Connection Timed Out

[2026-06-17 03:25:21] PERMANENTLY FAILED: app.alfatah.pk
  - Attempts: 1/2
  - Final Error: Connection Timed Out

[2026-06-17 03:25:21] Processing app.cambridge.com.pk
  - Error on attempt 1: Connection Timed Out

[2026-06-17 03:25:21] PERMANENTLY FAILED: app.cambridge.com.pk
  - Attempts: 1/2
  - Final Error: Connection Timed Out

[2026-06-17 03:25:23] Processing app.deploy.com.pk
  - Error on attempt 1: Connection Timed Out

[2026-06-17 03:25:23] PERMANENTLY FAILED: app.deploy.com.pk
  - Attempts: 1/2
  - Final Error: Connection Timed Out

[2026-06-17 03:25:24] Processing app.traintravels.pk
  - Error on attempt 1: Connection Timed Out

[2026-06-17 03:25:24] PERMANENTLY FAILED: app.traintravels.pk
  - Attempts: 1/2
  - Final Error: Connection Timed Out

[2026-06-17 03:25:24] Processing apply.joinasf.gov.pk
  - Error on attempt 1: Connection Timed Out

[2026-06-17 03:25:24] PERMANENTLY FAILED: apply.joinasf.gov.pk
  - Attempts: 1/2
  - Final Error: Connection Timed Out

[2026-06-17 03:25:24] Processing application.btsc.edu.pk
  - Error on attempt 1: Connection Timed Out

[2026-06-17 03:25:24] PERMANENTLY FAILED: application.btsc.edu.pk
  - Attempts: 1/2
  - Final Error: Connection Timed Out

[2026-06-17 03:25:25] Processing apps.informatica.com.pk
  - Error on attempt 1: Connection Timed Out

[2026-06-17 03:25:25] PERMANENTLY FAILED: apps.informatica.com.pk
  - Attempts: 1/2
  - Final Error: Connection Timed Out

[2026-06-17 03:25:25] Processing apps.mulphico.pk
  - Error on attempt 1: Connection Timed Out

[2026-06-17 03:25:25] PERMANENTLY FAILED: apps.mulphico.pk
  - Attempts: 1/2
  - Final Error: Connection Timed Out

[2026-06-17 03:25:25] Processing apps.stylo.com.pk
  - Error on attempt 1: Connection Timed Out

[2026-06-17 03:25:25] PERMANENTLY FAILED: apps.stylo.com.pk
  - Attempts: 1/2
  - Final Error: Connection Timed Out

[2026-06-17 03:25:25] Processing apps.pmuhealth.gop.pk
  - Error on attempt 1: Connection Timed Out

[2026-06-17 03:25:25] PERMANENTLY FAILED: apps.pmuhealth.gop.pk
  - Attempts: 1/2
  - Final Error: Connection Timed Out

[2026-06-17 03:25:26] Processing ardix.asaanretail.pk
  - Error on attempt 1: Connection Timed Out

[2026-06-17 03:25:26] PERMANENTLY FAILED: ardix.asaanretail.pk
  - Attempts: 1/2
  - Final Error: Connection Timed Out

[2026-06-17 03:25:30] Processing appsmith.appedology.pk
  - Error on attempt 1: Connection Timed Out

[2026-06-17 03:25:30] PERMANENTLY FAILED: appsmith.appedology.pk
  - Attempts: 1/2
  - Final Error: Connection Timed Out

